Archive member included because of file (symbol)

c:/altera/13.0sp1/nios2eds/bin/gnu/h-i686-mingw32/bin/../lib/gcc/nios2-elf/4.1.2/mno-hw-mul\libgcc.a(lib2-divmod.o)
                              obj/default/source.o (__divsi3)
c:/altera/13.0sp1/nios2eds/bin/gnu/h-i686-mingw32/bin/../lib/gcc/nios2-elf/4.1.2/../../../../nios2-elf/lib/mno-hw-mul\libsmallc.a(lib_a-puts.o)
                              obj/default/source.o (puts)
c:/altera/13.0sp1/nios2eds/bin/gnu/h-i686-mingw32/bin/../lib/gcc/nios2-elf/4.1.2/../../../../nios2-elf/lib/mno-hw-mul\libsmallc.a(lib_a-strlen.o)
                              c:/altera/13.0sp1/nios2eds/bin/gnu/h-i686-mingw32/bin/../lib/gcc/nios2-elf/4.1.2/../../../../nios2-elf/lib/mno-hw-mul\libsmallc.a(lib_a-puts.o) (strlen)
c:/altera/13.0sp1/nios2eds/bin/gnu/h-i686-mingw32/bin/../lib/gcc/nios2-elf/4.1.2/../../../../nios2-elf/lib/mno-hw-mul\libsmallc.a(lib_a-fvwrite_small_dev.o)
                              c:/altera/13.0sp1/nios2eds/bin/gnu/h-i686-mingw32/bin/../lib/gcc/nios2-elf/4.1.2/../../../../nios2-elf/lib/mno-hw-mul\libsmallc.a(lib_a-puts.o) (__sfvwrite_small_dev)
c:/altera/13.0sp1/nios2eds/bin/gnu/h-i686-mingw32/bin/../lib/gcc/nios2-elf/4.1.2/../../../../nios2-elf/lib/mno-hw-mul\libsmallc.a(lib_a-impure.o)
                              c:/altera/13.0sp1/nios2eds/bin/gnu/h-i686-mingw32/bin/../lib/gcc/nios2-elf/4.1.2/../../../../nios2-elf/lib/mno-hw-mul\libsmallc.a(lib_a-puts.o) (_impure_ptr)
c:/altera/13.0sp1/nios2eds/bin/gnu/h-i686-mingw32/bin/../lib/gcc/nios2-elf/4.1.2/../../../../nios2-elf/lib/mno-hw-mul\libsmallc.a(lib_a-writer.o)
                              c:/altera/13.0sp1/nios2eds/bin/gnu/h-i686-mingw32/bin/../lib/gcc/nios2-elf/4.1.2/../../../../nios2-elf/lib/mno-hw-mul\libsmallc.a(lib_a-fvwrite_small_dev.o) (_write_r)
c:/altera/13.0sp1/nios2eds/bin/gnu/h-i686-mingw32/bin/../lib/gcc/nios2-elf/4.1.2/../../../../nios2-elf/lib/mno-hw-mul\libsmallc.a(lib_a-int_errno.o)
                              c:/altera/13.0sp1/nios2eds/bin/gnu/h-i686-mingw32/bin/../lib/gcc/nios2-elf/4.1.2/../../../../nios2-elf/lib/mno-hw-mul\libsmallc.a(lib_a-writer.o) (errno)
../test_uart_bsp/\libhal_bsp.a(alt_load.o)
                              ../test_uart_bsp//obj/HAL/src/crt0.o (alt_load)
../test_uart_bsp/\libhal_bsp.a(alt_main.o)
                              ../test_uart_bsp//obj/HAL/src/crt0.o (alt_main)
../test_uart_bsp/\libhal_bsp.a(alt_usleep.o)
                              obj/default/source.o (usleep)
../test_uart_bsp/\libhal_bsp.a(alt_write.o)
                              c:/altera/13.0sp1/nios2eds/bin/gnu/h-i686-mingw32/bin/../lib/gcc/nios2-elf/4.1.2/../../../../nios2-elf/lib/mno-hw-mul\libsmallc.a(lib_a-writer.o) (write)
../test_uart_bsp/\libhal_bsp.a(alt_sys_init.o)
                              ../test_uart_bsp/\libhal_bsp.a(alt_main.o) (alt_irq_init)
../test_uart_bsp/\libhal_bsp.a(altera_avalon_jtag_uart_fd.o)
                              ../test_uart_bsp/\libhal_bsp.a(alt_sys_init.o) (altera_avalon_jtag_uart_read_fd)
../test_uart_bsp/\libhal_bsp.a(altera_avalon_jtag_uart_read.o)
                              ../test_uart_bsp/\libhal_bsp.a(altera_avalon_jtag_uart_fd.o) (altera_avalon_jtag_uart_read)
../test_uart_bsp/\libhal_bsp.a(altera_avalon_jtag_uart_write.o)
                              ../test_uart_bsp/\libhal_bsp.a(altera_avalon_jtag_uart_fd.o) (altera_avalon_jtag_uart_write)
../test_uart_bsp/\libhal_bsp.a(alt_busy_sleep.o)
                              ../test_uart_bsp/\libhal_bsp.a(alt_usleep.o) (alt_busy_sleep)
../test_uart_bsp/\libhal_bsp.a(alt_close.o)
                              ../test_uart_bsp/\libhal_bsp.a(alt_main.o) (close)
../test_uart_bsp/\libhal_bsp.a(alt_dcache_flush_all.o)
                              ../test_uart_bsp/\libhal_bsp.a(alt_load.o) (alt_dcache_flush_all)
../test_uart_bsp/\libhal_bsp.a(alt_dev.o)
                              ../test_uart_bsp/\libhal_bsp.a(alt_sys_init.o) (alt_dev_list)
../test_uart_bsp/\libhal_bsp.a(alt_dev_llist_insert.o)
                              ../test_uart_bsp/\libhal_bsp.a(alt_sys_init.o) (alt_dev_llist_insert)
../test_uart_bsp/\libhal_bsp.a(alt_do_ctors.o)
                              ../test_uart_bsp/\libhal_bsp.a(alt_main.o) (_do_ctors)
../test_uart_bsp/\libhal_bsp.a(alt_do_dtors.o)
                              ../test_uart_bsp/\libhal_bsp.a(alt_main.o) (_do_dtors)
../test_uart_bsp/\libhal_bsp.a(alt_errno.o)
                              ../test_uart_bsp/\libhal_bsp.a(alt_write.o) (alt_errno)
../test_uart_bsp/\libhal_bsp.a(alt_icache_flush_all.o)
                              ../test_uart_bsp/\libhal_bsp.a(alt_load.o) (alt_icache_flush_all)
../test_uart_bsp/\libhal_bsp.a(alt_io_redirect.o)
                              ../test_uart_bsp/\libhal_bsp.a(alt_main.o) (alt_io_redirect)
../test_uart_bsp/\libhal_bsp.a(alt_open.o)
                              ../test_uart_bsp/\libhal_bsp.a(alt_io_redirect.o) (open)
../test_uart_bsp/\libhal_bsp.a(alt_release_fd.o)
                              ../test_uart_bsp/\libhal_bsp.a(alt_close.o) (alt_release_fd)
../test_uart_bsp/\libhal_bsp.a(altera_nios2_qsys_irq.o)
                              ../test_uart_bsp/\libhal_bsp.a(alt_sys_init.o) (altera_nios2_qsys_irq_init)
../test_uart_bsp/\libhal_bsp.a(alt_find_dev.o)
                              ../test_uart_bsp/\libhal_bsp.a(alt_open.o) (alt_find_dev)
../test_uart_bsp/\libhal_bsp.a(alt_find_file.o)
                              ../test_uart_bsp/\libhal_bsp.a(alt_open.o) (alt_find_file)
../test_uart_bsp/\libhal_bsp.a(alt_get_fd.o)
                              ../test_uart_bsp/\libhal_bsp.a(alt_open.o) (alt_get_fd)
c:/altera/13.0sp1/nios2eds/bin/gnu/h-i686-mingw32/bin/../lib/gcc/nios2-elf/4.1.2/../../../../nios2-elf/lib/mno-hw-mul\libsmallc.a(lib_a-atexit.o)
                              ../test_uart_bsp/\libhal_bsp.a(alt_main.o) (atexit)
c:/altera/13.0sp1/nios2eds/bin/gnu/h-i686-mingw32/bin/../lib/gcc/nios2-elf/4.1.2/../../../../nios2-elf/lib/mno-hw-mul\libsmallc.a(lib_a-exit.o)
                              ../test_uart_bsp/\libhal_bsp.a(alt_main.o) (exit)
c:/altera/13.0sp1/nios2eds/bin/gnu/h-i686-mingw32/bin/../lib/gcc/nios2-elf/4.1.2/../../../../nios2-elf/lib/mno-hw-mul\libsmallc.a(lib_a-memcmp.o)
                              ../test_uart_bsp/\libhal_bsp.a(alt_find_dev.o) (memcmp)
c:/altera/13.0sp1/nios2eds/bin/gnu/h-i686-mingw32/bin/../lib/gcc/nios2-elf/4.1.2/../../../../nios2-elf/lib/mno-hw-mul\libsmallc.a(lib_a-__atexit.o)
                              c:/altera/13.0sp1/nios2eds/bin/gnu/h-i686-mingw32/bin/../lib/gcc/nios2-elf/4.1.2/../../../../nios2-elf/lib/mno-hw-mul\libsmallc.a(lib_a-atexit.o) (__register_exitproc)
c:/altera/13.0sp1/nios2eds/bin/gnu/h-i686-mingw32/bin/../lib/gcc/nios2-elf/4.1.2/../../../../nios2-elf/lib/mno-hw-mul\libsmallc.a(lib_a-__call_atexit.o)
                              c:/altera/13.0sp1/nios2eds/bin/gnu/h-i686-mingw32/bin/../lib/gcc/nios2-elf/4.1.2/../../../../nios2-elf/lib/mno-hw-mul\libsmallc.a(lib_a-exit.o) (__call_exitprocs)
c:/altera/13.0sp1/nios2eds/bin/gnu/h-i686-mingw32/bin/../lib/gcc/nios2-elf/4.1.2/mno-hw-mul\libgcc.a(lib2-mul.o)
                              ../test_uart_bsp/\libhal_bsp.a(alt_write.o) (__mulsi3)
../test_uart_bsp/\libhal_bsp.a(alt_exit.o)
                              c:/altera/13.0sp1/nios2eds/bin/gnu/h-i686-mingw32/bin/../lib/gcc/nios2-elf/4.1.2/../../../../nios2-elf/lib/mno-hw-mul\libsmallc.a(lib_a-exit.o) (_exit)

Allocating common symbols
Common symbol       size              file

errno               0x4               c:/altera/13.0sp1/nios2eds/bin/gnu/h-i686-mingw32/bin/../lib/gcc/nios2-elf/4.1.2/../../../../nios2-elf/lib/mno-hw-mul\libsmallc.a(lib_a-int_errno.o)
_atexit0            0x8c              c:/altera/13.0sp1/nios2eds/bin/gnu/h-i686-mingw32/bin/../lib/gcc/nios2-elf/4.1.2/../../../../nios2-elf/lib/mno-hw-mul\libsmallc.a(lib_a-atexit.o)

Memory Configuration

Name             Origin             Length             Attributes
reset            0x00008000         0x00000020
onchip_memory2_0 0x00008020         0x00007fe0
*default*        0x00000000         0xffffffff

Linker script and memory map

LOAD ../test_uart_bsp//obj/HAL/src/crt0.o
LOAD obj/default/source.o
LOAD c:/altera/13.0sp1/nios2eds/bin/gnu/h-i686-mingw32/bin/../lib/gcc/nios2-elf/4.1.2/../../../../nios2-elf/lib/mno-hw-mul\libstdc++.a
LOAD c:/altera/13.0sp1/nios2eds/bin/gnu/h-i686-mingw32/bin/../lib/gcc/nios2-elf/4.1.2/../../../../nios2-elf/lib/mno-hw-mul\libm.a
LOAD c:/altera/13.0sp1/nios2eds/bin/gnu/h-i686-mingw32/bin/../lib/gcc/nios2-elf/4.1.2/mno-hw-mul\libgcc.a
START GROUP
LOAD c:/altera/13.0sp1/nios2eds/bin/gnu/h-i686-mingw32/bin/../lib/gcc/nios2-elf/4.1.2/../../../../nios2-elf/lib/mno-hw-mul\libsmallc.a
LOAD c:/altera/13.0sp1/nios2eds/bin/gnu/h-i686-mingw32/bin/../lib/gcc/nios2-elf/4.1.2/mno-hw-mul\libgcc.a
LOAD ../test_uart_bsp/\libhal_bsp.a
END GROUP
LOAD c:/altera/13.0sp1/nios2eds/bin/gnu/h-i686-mingw32/bin/../lib/gcc/nios2-elf/4.1.2/mno-hw-mul\libgcc.a
                0x00008000                __alt_mem_onchip_memory2_0 = 0x8000

.entry          0x00008000       0x20
 *(.entry)
 .entry         0x00008000       0x20 ../test_uart_bsp//obj/HAL/src/crt0.o
                0x00008000                __reset

.exceptions     0x00008020        0x0
                0x00008020                PROVIDE (__ram_exceptions_start, ABSOLUTE (.))
                0x00008020                . = ALIGN (0x20)
 *(.irq)
 *(.exceptions.entry.label)
 *(.exceptions.entry.user)
 *(.exceptions.entry)
 *(.exceptions.irqtest.user)
 *(.exceptions.irqtest)
 *(.exceptions.irqhandler.user)
 *(.exceptions.irqhandler)
 *(.exceptions.irqreturn.user)
 *(.exceptions.irqreturn)
 *(.exceptions.notirq.label)
 *(.exceptions.notirq.user)
 *(.exceptions.notirq)
 *(.exceptions.soft.user)
 *(.exceptions.soft)
 *(.exceptions.unknown.user)
 *(.exceptions.unknown)
 *(.exceptions.exit.label)
 *(.exceptions.exit.user)
 *(.exceptions.exit)
 *(.exceptions)
                0x00008020                PROVIDE (__ram_exceptions_end, ABSOLUTE (.))
                0x00008020                PROVIDE (__flash_exceptions_start, LOADADDR (.exceptions))

.text           0x00008020     0x1ae4
                0x00008020                PROVIDE (stext, ABSOLUTE (.))
 *(.interp)
 *(.hash)
 *(.dynsym)
 *(.dynstr)
 *(.gnu.version)
 *(.gnu.version_d)
 *(.gnu.version_r)
 *(.rel.init)
 *(.rela.init)
 *(.rel.text .rel.text.* .rel.gnu.linkonce.t.*)
 *(.rela.text .rela.text.* .rela.gnu.linkonce.t.*)
 *(.rel.fini)
 *(.rela.fini)
 *(.rel.rodata .rel.rodata.* .rel.gnu.linkonce.r.*)
 *(.rela.rodata .rela.rodata.* .rela.gnu.linkonce.r.*)
 *(.rel.data .rel.data.* .rel.gnu.linkonce.d.*)
 *(.rela.data .rela.data.* .rela.gnu.linkonce.d.*)
 *(.rel.tdata .rel.tdata.* .rel.gnu.linkonce.td.*)
 *(.rela.tdata .rela.tdata.* .rela.gnu.linkonce.td.*)
 *(.rel.tbss .rel.tbss.* .rel.gnu.linkonce.tb.*)
 *(.rela.tbss .rela.tbss.* .rela.gnu.linkonce.tb.*)
 *(.rel.ctors)
 *(.rela.ctors)
 *(.rel.dtors)
 *(.rela.dtors)
 *(.rel.got)
 *(.rela.got)
 *(.rel.sdata .rel.sdata.* .rel.gnu.linkonce.s.*)
 *(.rela.sdata .rela.sdata.* .rela.gnu.linkonce.s.*)
 *(.rel.sbss .rel.sbss.* .rel.gnu.linkonce.sb.*)
 *(.rela.sbss .rela.sbss.* .rela.gnu.linkonce.sb.*)
 *(.rel.sdata2 .rel.sdata2.* .rel.gnu.linkonce.s2.*)
 *(.rela.sdata2 .rela.sdata2.* .rela.gnu.linkonce.s2.*)
 *(.rel.sbss2 .rel.sbss2.* .rel.gnu.linkonce.sb2.*)
 *(.rela.sbss2 .rela.sbss2.* .rela.gnu.linkonce.sb2.*)
 *(.rel.bss .rel.bss.* .rel.gnu.linkonce.b.*)
 *(.rela.bss .rela.bss.* .rela.gnu.linkonce.b.*)
 *(.rel.plt)
 *(.rela.plt)
 *(.rel.dyn)
 *(.init)
 *(.plt)
 *(.text .stub .text.* .gnu.linkonce.t.*)
 .text          0x00008020       0x3c ../test_uart_bsp//obj/HAL/src/crt0.o
                0x00008020                _start
 .text          0x0000805c       0xe0 obj/default/source.o
                0x0000805c                main
 .text          0x0000813c      0x14c c:/altera/13.0sp1/nios2eds/bin/gnu/h-i686-mingw32/bin/../lib/gcc/nios2-elf/4.1.2/mno-hw-mul\libgcc.a(lib2-divmod.o)
                0x000081b8                __divsi3
                0x00008218                __modsi3
                0x00008278                __udivsi3
                0x00008280                __umodsi3
 .text          0x00008288       0xa4 c:/altera/13.0sp1/nios2eds/bin/gnu/h-i686-mingw32/bin/../lib/gcc/nios2-elf/4.1.2/../../../../nios2-elf/lib/mno-hw-mul\libsmallc.a(lib_a-puts.o)
                0x00008288                _puts_r
                0x00008318                puts
 .text          0x0000832c       0x20 c:/altera/13.0sp1/nios2eds/bin/gnu/h-i686-mingw32/bin/../lib/gcc/nios2-elf/4.1.2/../../../../nios2-elf/lib/mno-hw-mul\libsmallc.a(lib_a-strlen.o)
                0x0000832c                strlen
 .text          0x0000834c       0xbc c:/altera/13.0sp1/nios2eds/bin/gnu/h-i686-mingw32/bin/../lib/gcc/nios2-elf/4.1.2/../../../../nios2-elf/lib/mno-hw-mul\libsmallc.a(lib_a-fvwrite_small_dev.o)
                0x0000834c                __sfvwrite_small_dev
 .text          0x00008408        0x0 c:/altera/13.0sp1/nios2eds/bin/gnu/h-i686-mingw32/bin/../lib/gcc/nios2-elf/4.1.2/../../../../nios2-elf/lib/mno-hw-mul\libsmallc.a(lib_a-impure.o)
 .text          0x00008408       0x78 c:/altera/13.0sp1/nios2eds/bin/gnu/h-i686-mingw32/bin/../lib/gcc/nios2-elf/4.1.2/../../../../nios2-elf/lib/mno-hw-mul\libsmallc.a(lib_a-writer.o)
                0x00008408                _write_r
 .text          0x00008480        0x0 c:/altera/13.0sp1/nios2eds/bin/gnu/h-i686-mingw32/bin/../lib/gcc/nios2-elf/4.1.2/../../../../nios2-elf/lib/mno-hw-mul\libsmallc.a(lib_a-int_errno.o)
 .text          0x00008480       0xec ../test_uart_bsp/\libhal_bsp.a(alt_load.o)
                0x00008480                alt_load
 .text          0x0000856c       0x6c ../test_uart_bsp/\libhal_bsp.a(alt_main.o)
                0x0000856c                alt_main
 .text          0x000085d8       0x30 ../test_uart_bsp/\libhal_bsp.a(alt_usleep.o)
                0x000085d8                usleep
 .text          0x00008608      0x184 ../test_uart_bsp/\libhal_bsp.a(alt_write.o)
                0x00008608                write
 .text          0x0000878c       0x9c ../test_uart_bsp/\libhal_bsp.a(alt_sys_init.o)
                0x0000878c                alt_irq_init
                0x000087c0                alt_sys_init
 .text          0x00008828       0xb0 ../test_uart_bsp/\libhal_bsp.a(altera_avalon_jtag_uart_fd.o)
                0x00008828                altera_avalon_jtag_uart_read_fd
                0x00008880                altera_avalon_jtag_uart_write_fd
 .text          0x000088d8      0x104 ../test_uart_bsp/\libhal_bsp.a(altera_avalon_jtag_uart_read.o)
                0x000088d8                altera_avalon_jtag_uart_read
 .text          0x000089dc       0xa4 ../test_uart_bsp/\libhal_bsp.a(altera_avalon_jtag_uart_write.o)
                0x000089dc                altera_avalon_jtag_uart_write
 .text          0x00008a80      0x15c ../test_uart_bsp/\libhal_bsp.a(alt_busy_sleep.o)
                0x00008a80                alt_busy_sleep
 .text          0x00008bdc      0x160 ../test_uart_bsp/\libhal_bsp.a(alt_close.o)
                0x00008bdc                close
 .text          0x00008d3c       0x1c ../test_uart_bsp/\libhal_bsp.a(alt_dcache_flush_all.o)
                0x00008d3c                alt_dcache_flush_all
 .text          0x00008d58       0x2c ../test_uart_bsp/\libhal_bsp.a(alt_dev.o)
 .text          0x00008d84      0x114 ../test_uart_bsp/\libhal_bsp.a(alt_dev_llist_insert.o)
                0x00008d84                alt_dev_llist_insert
 .text          0x00008e98       0x64 ../test_uart_bsp/\libhal_bsp.a(alt_do_ctors.o)
                0x00008e98                _do_ctors
 .text          0x00008efc       0x64 ../test_uart_bsp/\libhal_bsp.a(alt_do_dtors.o)
                0x00008efc                _do_dtors
 .text          0x00008f60        0x0 ../test_uart_bsp/\libhal_bsp.a(alt_errno.o)
 .text          0x00008f60       0x1c ../test_uart_bsp/\libhal_bsp.a(alt_icache_flush_all.o)
                0x00008f60                alt_icache_flush_all
 .text          0x00008f7c      0x150 ../test_uart_bsp/\libhal_bsp.a(alt_io_redirect.o)
                0x00009054                alt_io_redirect
 .text          0x000090cc      0x2e4 ../test_uart_bsp/\libhal_bsp.a(alt_open.o)
                0x000091c4                open
 .text          0x000093b0       0x78 ../test_uart_bsp/\libhal_bsp.a(alt_release_fd.o)
                0x000093b0                alt_release_fd
 .text          0x00009428       0x20 ../test_uart_bsp/\libhal_bsp.a(altera_nios2_qsys_irq.o)
                0x00009428                altera_nios2_qsys_irq_init
 .text          0x00009448       0x94 ../test_uart_bsp/\libhal_bsp.a(alt_find_dev.o)
                0x00009448                alt_find_dev
 .text          0x000094dc      0x120 ../test_uart_bsp/\libhal_bsp.a(alt_find_file.o)
                0x000094dc                alt_find_file
 .text          0x000095fc       0xd0 ../test_uart_bsp/\libhal_bsp.a(alt_get_fd.o)
                0x000095fc                alt_get_fd
 .text          0x000096cc       0x14 c:/altera/13.0sp1/nios2eds/bin/gnu/h-i686-mingw32/bin/../lib/gcc/nios2-elf/4.1.2/../../../../nios2-elf/lib/mno-hw-mul\libsmallc.a(lib_a-atexit.o)
                0x000096cc                atexit
 .text          0x000096e0       0x20 c:/altera/13.0sp1/nios2eds/bin/gnu/h-i686-mingw32/bin/../lib/gcc/nios2-elf/4.1.2/../../../../nios2-elf/lib/mno-hw-mul\libsmallc.a(lib_a-exit.o)
                0x000096e0                exit
 .text          0x00009700       0x3c c:/altera/13.0sp1/nios2eds/bin/gnu/h-i686-mingw32/bin/../lib/gcc/nios2-elf/4.1.2/../../../../nios2-elf/lib/mno-hw-mul\libsmallc.a(lib_a-memcmp.o)
                0x00009700                memcmp
 .text          0x0000973c      0x16c c:/altera/13.0sp1/nios2eds/bin/gnu/h-i686-mingw32/bin/../lib/gcc/nios2-elf/4.1.2/../../../../nios2-elf/lib/mno-hw-mul\libsmallc.a(lib_a-__atexit.o)
                0x0000973c                __register_exitproc
 .text          0x000098a8      0x1c0 c:/altera/13.0sp1/nios2eds/bin/gnu/h-i686-mingw32/bin/../lib/gcc/nios2-elf/4.1.2/../../../../nios2-elf/lib/mno-hw-mul\libsmallc.a(lib_a-__call_atexit.o)
                0x000098ac                __call_exitprocs
 .text          0x00009a68       0x38 c:/altera/13.0sp1/nios2eds/bin/gnu/h-i686-mingw32/bin/../lib/gcc/nios2-elf/4.1.2/mno-hw-mul\libgcc.a(lib2-mul.o)
                0x00009a68                __mulsi3
 .text          0x00009aa0       0x60 ../test_uart_bsp/\libhal_bsp.a(alt_exit.o)
                0x00009ae0                _exit
 *(.gnu.warning.*)
 *(.fini)
                0x00009b00                PROVIDE (__etext, ABSOLUTE (.))
                0x00009b00                PROVIDE (_etext, ABSOLUTE (.))
                0x00009b00                PROVIDE (etext, ABSOLUTE (.))
 *(.eh_frame_hdr)
                0x00009b00                . = ALIGN (0x4)
                0x00009b00                PROVIDE (__preinit_array_start, ABSOLUTE (.))
 *(.preinit_array)
                0x00009b00                PROVIDE (__preinit_array_end, ABSOLUTE (.))
                0x00009b00                PROVIDE (__init_array_start, ABSOLUTE (.))
 *(.init_array)
                0x00009b00                PROVIDE (__init_array_end, ABSOLUTE (.))
                0x00009b00                PROVIDE (__fini_array_start, ABSOLUTE (.))
 *(.fini_array)
                0x00009b00                PROVIDE (__fini_array_end, ABSOLUTE (.))
 *(.eh_frame)
 *(.gcc_except_table)
 *(.dynamic)
                0x00009b00                PROVIDE (__CTOR_LIST__, ABSOLUTE (.))
 *(.ctors)
 *(SORT(.ctors.*))
 .ctors.65535   0x00009b00        0x4 c:/altera/13.0sp1/nios2eds/bin/gnu/h-i686-mingw32/bin/../lib/gcc/nios2-elf/4.1.2/../../../../nios2-elf/lib/mno-hw-mul\libsmallc.a(lib_a-__call_atexit.o)
                0x00009b04                PROVIDE (__CTOR_END__, ABSOLUTE (.))
                0x00009b04                PROVIDE (__DTOR_LIST__, ABSOLUTE (.))
 *(.dtors)
 *(SORT(.dtors.*))
                0x00009b04                PROVIDE (__DTOR_END__, ABSOLUTE (.))
 *(.jcr)
                0x00009b04                . = ALIGN (0x4)

.rodata         0x00009b04       0x40
                0x00009b04                PROVIDE (__ram_rodata_start, ABSOLUTE (.))
                0x00009b04                . = ALIGN (0x4)
 *(.rodata .rodata.* .gnu.linkonce.r.*)
 .rodata        0x00009b04        0x8 obj/default/source.o
 .rodata.str1.4
                0x00009b0c        0x4 c:/altera/13.0sp1/nios2eds/bin/gnu/h-i686-mingw32/bin/../lib/gcc/nios2-elf/4.1.2/../../../../nios2-elf/lib/mno-hw-mul\libsmallc.a(lib_a-puts.o)
 .rodata        0x00009b10       0x14 ../test_uart_bsp/\libhal_bsp.a(alt_main.o)
 .rodata        0x00009b24       0x14 ../test_uart_bsp/\libhal_bsp.a(alt_sys_init.o)
 .rodata        0x00009b38        0xc ../test_uart_bsp/\libhal_bsp.a(alt_dev.o)
 *(.rodata1)
                0x00009b44                . = ALIGN (0x4)
                0x00009b44                PROVIDE (__ram_rodata_end, ABSOLUTE (.))
                0x00009b04                PROVIDE (__flash_rodata_start, LOADADDR (.rodata))

.rwdata         0x00009b44      0x2e0 load address 0x00009e24
                0x00009b44                PROVIDE (__ram_rwdata_start, ABSOLUTE (.))
                0x00009b44                . = ALIGN (0x4)
 *(.got.plt)
 *(.got)
 *(.data1)
 *(.data .data.* .gnu.linkonce.d.*)
 .data          0x00009b44        0x0 ../test_uart_bsp//obj/HAL/src/crt0.o
 .data          0x00009b44        0xa obj/default/source.o
                0x00009b44                number
 .data          0x00009b4e        0x0 c:/altera/13.0sp1/nios2eds/bin/gnu/h-i686-mingw32/bin/../lib/gcc/nios2-elf/4.1.2/mno-hw-mul\libgcc.a(lib2-divmod.o)
 .data          0x00009b4e        0x0 c:/altera/13.0sp1/nios2eds/bin/gnu/h-i686-mingw32/bin/../lib/gcc/nios2-elf/4.1.2/../../../../nios2-elf/lib/mno-hw-mul\libsmallc.a(lib_a-puts.o)
 .data          0x00009b4e        0x0 c:/altera/13.0sp1/nios2eds/bin/gnu/h-i686-mingw32/bin/../lib/gcc/nios2-elf/4.1.2/../../../../nios2-elf/lib/mno-hw-mul\libsmallc.a(lib_a-strlen.o)
 .data          0x00009b4e        0x0 c:/altera/13.0sp1/nios2eds/bin/gnu/h-i686-mingw32/bin/../lib/gcc/nios2-elf/4.1.2/../../../../nios2-elf/lib/mno-hw-mul\libsmallc.a(lib_a-fvwrite_small_dev.o)
 *fill*         0x00009b4e        0x2 00
 .data          0x00009b50       0xe0 c:/altera/13.0sp1/nios2eds/bin/gnu/h-i686-mingw32/bin/../lib/gcc/nios2-elf/4.1.2/../../../../nios2-elf/lib/mno-hw-mul\libsmallc.a(lib_a-impure.o)
 .data          0x00009c30        0x0 c:/altera/13.0sp1/nios2eds/bin/gnu/h-i686-mingw32/bin/../lib/gcc/nios2-elf/4.1.2/../../../../nios2-elf/lib/mno-hw-mul\libsmallc.a(lib_a-writer.o)
 .data          0x00009c30        0x0 c:/altera/13.0sp1/nios2eds/bin/gnu/h-i686-mingw32/bin/../lib/gcc/nios2-elf/4.1.2/../../../../nios2-elf/lib/mno-hw-mul\libsmallc.a(lib_a-int_errno.o)
 .data          0x00009c30        0x0 ../test_uart_bsp/\libhal_bsp.a(alt_load.o)
 .data          0x00009c30        0x0 ../test_uart_bsp/\libhal_bsp.a(alt_main.o)
 .data          0x00009c30        0x0 ../test_uart_bsp/\libhal_bsp.a(alt_usleep.o)
 .data          0x00009c30        0x0 ../test_uart_bsp/\libhal_bsp.a(alt_write.o)
 .data          0x00009c30       0x2c ../test_uart_bsp/\libhal_bsp.a(alt_sys_init.o)
 .data          0x00009c5c        0x0 ../test_uart_bsp/\libhal_bsp.a(altera_avalon_jtag_uart_fd.o)
 .data          0x00009c5c        0x0 ../test_uart_bsp/\libhal_bsp.a(altera_avalon_jtag_uart_read.o)
 .data          0x00009c5c        0x0 ../test_uart_bsp/\libhal_bsp.a(altera_avalon_jtag_uart_write.o)
 .data          0x00009c5c        0x0 ../test_uart_bsp/\libhal_bsp.a(alt_busy_sleep.o)
 .data          0x00009c5c        0x0 ../test_uart_bsp/\libhal_bsp.a(alt_close.o)
 .data          0x00009c5c        0x0 ../test_uart_bsp/\libhal_bsp.a(alt_dcache_flush_all.o)
 .data          0x00009c5c      0x1a8 ../test_uart_bsp/\libhal_bsp.a(alt_dev.o)
                0x00009c5c                alt_dev_null
                0x00009c84                alt_fd_list
 .data          0x00009e04        0x0 ../test_uart_bsp/\libhal_bsp.a(alt_dev_llist_insert.o)
 .data          0x00009e04        0x0 ../test_uart_bsp/\libhal_bsp.a(alt_do_ctors.o)
 .data          0x00009e04        0x0 ../test_uart_bsp/\libhal_bsp.a(alt_do_dtors.o)
 .data          0x00009e04        0x0 ../test_uart_bsp/\libhal_bsp.a(alt_errno.o)
 .data          0x00009e04        0x0 ../test_uart_bsp/\libhal_bsp.a(alt_icache_flush_all.o)
 .data          0x00009e04        0x0 ../test_uart_bsp/\libhal_bsp.a(alt_io_redirect.o)
 .data          0x00009e04        0x0 ../test_uart_bsp/\libhal_bsp.a(alt_open.o)
 .data          0x00009e04        0x0 ../test_uart_bsp/\libhal_bsp.a(alt_release_fd.o)
 .data          0x00009e04        0x0 ../test_uart_bsp/\libhal_bsp.a(altera_nios2_qsys_irq.o)
 .data          0x00009e04        0x0 ../test_uart_bsp/\libhal_bsp.a(alt_find_dev.o)
 .data          0x00009e04        0x0 ../test_uart_bsp/\libhal_bsp.a(alt_find_file.o)
 .data          0x00009e04        0x0 ../test_uart_bsp/\libhal_bsp.a(alt_get_fd.o)
 .data          0x00009e04        0x0 c:/altera/13.0sp1/nios2eds/bin/gnu/h-i686-mingw32/bin/../lib/gcc/nios2-elf/4.1.2/../../../../nios2-elf/lib/mno-hw-mul\libsmallc.a(lib_a-atexit.o)
 .data          0x00009e04        0x0 c:/altera/13.0sp1/nios2eds/bin/gnu/h-i686-mingw32/bin/../lib/gcc/nios2-elf/4.1.2/../../../../nios2-elf/lib/mno-hw-mul\libsmallc.a(lib_a-exit.o)
 .data          0x00009e04        0x0 c:/altera/13.0sp1/nios2eds/bin/gnu/h-i686-mingw32/bin/../lib/gcc/nios2-elf/4.1.2/../../../../nios2-elf/lib/mno-hw-mul\libsmallc.a(lib_a-memcmp.o)
 .data          0x00009e04        0x0 c:/altera/13.0sp1/nios2eds/bin/gnu/h-i686-mingw32/bin/../lib/gcc/nios2-elf/4.1.2/../../../../nios2-elf/lib/mno-hw-mul\libsmallc.a(lib_a-__atexit.o)
 .data          0x00009e04        0x0 c:/altera/13.0sp1/nios2eds/bin/gnu/h-i686-mingw32/bin/../lib/gcc/nios2-elf/4.1.2/../../../../nios2-elf/lib/mno-hw-mul\libsmallc.a(lib_a-__call_atexit.o)
 .data          0x00009e04        0x0 c:/altera/13.0sp1/nios2eds/bin/gnu/h-i686-mingw32/bin/../lib/gcc/nios2-elf/4.1.2/mno-hw-mul\libgcc.a(lib2-mul.o)
 .data          0x00009e04        0x0 ../test_uart_bsp/\libhal_bsp.a(alt_exit.o)
                0x00011e04                _gp = ABSOLUTE ((. + 0x8000))
                0x00011e04                PROVIDE (gp, _gp)
 *(.rwdata .rwdata.*)
 *(.sdata .sdata.* .gnu.linkonce.s.*)
 .sdata         0x00009e04        0x8 c:/altera/13.0sp1/nios2eds/bin/gnu/h-i686-mingw32/bin/../lib/gcc/nios2-elf/4.1.2/../../../../nios2-elf/lib/mno-hw-mul\libsmallc.a(lib_a-impure.o)
                0x00009e04                _impure_ptr
                0x00009e08                _global_impure_ptr
 .sdata         0x00009e0c       0x14 ../test_uart_bsp/\libhal_bsp.a(alt_dev.o)
                0x00009e0c                alt_fs_list
                0x00009e14                alt_dev_list
                0x00009e1c                alt_max_fd
 .sdata         0x00009e20        0x4 ../test_uart_bsp/\libhal_bsp.a(alt_errno.o)
                0x00009e20                alt_errno
 *(.sdata2 .sdata2.* .gnu.linkonce.s2.*)
                0x00009e24                . = ALIGN (0x4)
                0x00009e24                _edata = ABSOLUTE (.)
                0x00009e24                PROVIDE (edata, ABSOLUTE (.))
                0x00009e24                PROVIDE (__ram_rwdata_end, ABSOLUTE (.))
                0x00009e24                PROVIDE (__flash_rwdata_start, LOADADDR (.rwdata))

.bss            0x0000a104       0x9c
                0x0000a104                __bss_start = ABSOLUTE (.)
                0x0000a104                PROVIDE (__sbss_start, ABSOLUTE (.))
                0x0000a104                PROVIDE (___sbss_start, ABSOLUTE (.))
 *(.dynsbss)
 *(.sbss .sbss.* .gnu.linkonce.sb.*)
 .sbss          0x0000a104        0x4 c:/altera/13.0sp1/nios2eds/bin/gnu/h-i686-mingw32/bin/../lib/gcc/nios2-elf/4.1.2/../../../../nios2-elf/lib/mno-hw-mul\libsmallc.a(lib_a-int_errno.o)
                0x0000a104                errno
 .sbss          0x0000a108        0xc ../test_uart_bsp/\libhal_bsp.a(alt_main.o)
                0x0000a108                alt_argc
                0x0000a10c                alt_argv
                0x0000a110                alt_envp
 *(.sbss2 .sbss2.* .gnu.linkonce.sb2.*)
 *(.scommon)
                0x0000a114                PROVIDE (__sbss_end, ABSOLUTE (.))
                0x0000a114                PROVIDE (___sbss_end, ABSOLUTE (.))
 *(.dynbss)
 *(.bss .bss.* .gnu.linkonce.b.*)
 .bss           0x0000a114        0x0 ../test_uart_bsp//obj/HAL/src/crt0.o
 .bss           0x0000a114        0x0 obj/default/source.o
 .bss           0x0000a114        0x0 c:/altera/13.0sp1/nios2eds/bin/gnu/h-i686-mingw32/bin/../lib/gcc/nios2-elf/4.1.2/mno-hw-mul\libgcc.a(lib2-divmod.o)
 .bss           0x0000a114        0x0 c:/altera/13.0sp1/nios2eds/bin/gnu/h-i686-mingw32/bin/../lib/gcc/nios2-elf/4.1.2/../../../../nios2-elf/lib/mno-hw-mul\libsmallc.a(lib_a-puts.o)
 .bss           0x0000a114        0x0 c:/altera/13.0sp1/nios2eds/bin/gnu/h-i686-mingw32/bin/../lib/gcc/nios2-elf/4.1.2/../../../../nios2-elf/lib/mno-hw-mul\libsmallc.a(lib_a-strlen.o)
 .bss           0x0000a114        0x0 c:/altera/13.0sp1/nios2eds/bin/gnu/h-i686-mingw32/bin/../lib/gcc/nios2-elf/4.1.2/../../../../nios2-elf/lib/mno-hw-mul\libsmallc.a(lib_a-fvwrite_small_dev.o)
 .bss           0x0000a114        0x0 c:/altera/13.0sp1/nios2eds/bin/gnu/h-i686-mingw32/bin/../lib/gcc/nios2-elf/4.1.2/../../../../nios2-elf/lib/mno-hw-mul\libsmallc.a(lib_a-impure.o)
 .bss           0x0000a114        0x0 c:/altera/13.0sp1/nios2eds/bin/gnu/h-i686-mingw32/bin/../lib/gcc/nios2-elf/4.1.2/../../../../nios2-elf/lib/mno-hw-mul\libsmallc.a(lib_a-writer.o)
 .bss           0x0000a114        0x0 c:/altera/13.0sp1/nios2eds/bin/gnu/h-i686-mingw32/bin/../lib/gcc/nios2-elf/4.1.2/../../../../nios2-elf/lib/mno-hw-mul\libsmallc.a(lib_a-int_errno.o)
 .bss           0x0000a114        0x0 ../test_uart_bsp/\libhal_bsp.a(alt_load.o)
 .bss           0x0000a114        0x0 ../test_uart_bsp/\libhal_bsp.a(alt_main.o)
 .bss           0x0000a114        0x0 ../test_uart_bsp/\libhal_bsp.a(alt_usleep.o)
 .bss           0x0000a114        0x0 ../test_uart_bsp/\libhal_bsp.a(alt_write.o)
 .bss           0x0000a114        0x0 ../test_uart_bsp/\libhal_bsp.a(alt_sys_init.o)
 .bss           0x0000a114        0x0 ../test_uart_bsp/\libhal_bsp.a(altera_avalon_jtag_uart_fd.o)
 .bss           0x0000a114        0x0 ../test_uart_bsp/\libhal_bsp.a(altera_avalon_jtag_uart_read.o)
 .bss           0x0000a114        0x0 ../test_uart_bsp/\libhal_bsp.a(altera_avalon_jtag_uart_write.o)
 .bss           0x0000a114        0x0 ../test_uart_bsp/\libhal_bsp.a(alt_busy_sleep.o)
 .bss           0x0000a114        0x0 ../test_uart_bsp/\libhal_bsp.a(alt_close.o)
 .bss           0x0000a114        0x0 ../test_uart_bsp/\libhal_bsp.a(alt_dcache_flush_all.o)
 .bss           0x0000a114        0x0 ../test_uart_bsp/\libhal_bsp.a(alt_dev.o)
 .bss           0x0000a114        0x0 ../test_uart_bsp/\libhal_bsp.a(alt_dev_llist_insert.o)
 .bss           0x0000a114        0x0 ../test_uart_bsp/\libhal_bsp.a(alt_do_ctors.o)
 .bss           0x0000a114        0x0 ../test_uart_bsp/\libhal_bsp.a(alt_do_dtors.o)
 .bss           0x0000a114        0x0 ../test_uart_bsp/\libhal_bsp.a(alt_errno.o)
 .bss           0x0000a114        0x0 ../test_uart_bsp/\libhal_bsp.a(alt_icache_flush_all.o)
 .bss           0x0000a114        0x0 ../test_uart_bsp/\libhal_bsp.a(alt_io_redirect.o)
 .bss           0x0000a114        0x0 ../test_uart_bsp/\libhal_bsp.a(alt_open.o)
 .bss           0x0000a114        0x0 ../test_uart_bsp/\libhal_bsp.a(alt_release_fd.o)
 .bss           0x0000a114        0x0 ../test_uart_bsp/\libhal_bsp.a(altera_nios2_qsys_irq.o)
 .bss           0x0000a114        0x0 ../test_uart_bsp/\libhal_bsp.a(alt_find_dev.o)
 .bss           0x0000a114        0x0 ../test_uart_bsp/\libhal_bsp.a(alt_find_file.o)
 .bss           0x0000a114        0x0 ../test_uart_bsp/\libhal_bsp.a(alt_get_fd.o)
 .bss           0x0000a114        0x0 c:/altera/13.0sp1/nios2eds/bin/gnu/h-i686-mingw32/bin/../lib/gcc/nios2-elf/4.1.2/../../../../nios2-elf/lib/mno-hw-mul\libsmallc.a(lib_a-atexit.o)
 .bss           0x0000a114        0x0 c:/altera/13.0sp1/nios2eds/bin/gnu/h-i686-mingw32/bin/../lib/gcc/nios2-elf/4.1.2/../../../../nios2-elf/lib/mno-hw-mul\libsmallc.a(lib_a-exit.o)
 .bss           0x0000a114        0x0 c:/altera/13.0sp1/nios2eds/bin/gnu/h-i686-mingw32/bin/../lib/gcc/nios2-elf/4.1.2/../../../../nios2-elf/lib/mno-hw-mul\libsmallc.a(lib_a-memcmp.o)
 .bss           0x0000a114        0x0 c:/altera/13.0sp1/nios2eds/bin/gnu/h-i686-mingw32/bin/../lib/gcc/nios2-elf/4.1.2/../../../../nios2-elf/lib/mno-hw-mul\libsmallc.a(lib_a-__atexit.o)
 .bss           0x0000a114        0x0 c:/altera/13.0sp1/nios2eds/bin/gnu/h-i686-mingw32/bin/../lib/gcc/nios2-elf/4.1.2/../../../../nios2-elf/lib/mno-hw-mul\libsmallc.a(lib_a-__call_atexit.o)
 .bss           0x0000a114        0x0 c:/altera/13.0sp1/nios2eds/bin/gnu/h-i686-mingw32/bin/../lib/gcc/nios2-elf/4.1.2/mno-hw-mul\libgcc.a(lib2-mul.o)
 .bss           0x0000a114        0x0 ../test_uart_bsp/\libhal_bsp.a(alt_exit.o)
 *(COMMON)
 COMMON         0x0000a114       0x8c c:/altera/13.0sp1/nios2eds/bin/gnu/h-i686-mingw32/bin/../lib/gcc/nios2-elf/4.1.2/../../../../nios2-elf/lib/mno-hw-mul\libsmallc.a(lib_a-atexit.o)
                0x0000a114                _atexit0
                0x0000a1a0                . = ALIGN (0x4)
                0x0000a1a0                __bss_end = ABSOLUTE (.)

.onchip_memory2_0
                0x0000a1a0        0x0
                0x0000a1a0                PROVIDE (_alt_partition_onchip_memory2_0_start, ABSOLUTE (.))
 *(.onchip_memory2_0. onchip_memory2_0.*)
                0x0000a1a0                . = ALIGN (0x4)
                0x0000a1a0                PROVIDE (_alt_partition_onchip_memory2_0_end, ABSOLUTE (.))
                0x0000a1a0                _end = ABSOLUTE (.)
                0x0000a1a0                end = ABSOLUTE (.)
                0x0000a1a0                __alt_stack_base = ABSOLUTE (.)
                0x0000a1a0                PROVIDE (_alt_partition_onchip_memory2_0_load_addr, LOADADDR (.onchip_memory2_0))

.stab
 *(.stab)

.stabstr
 *(.stabstr)

.stab.excl
 *(.stab.excl)

.stab.exclstr
 *(.stab.exclstr)

.stab.index
 *(.stab.index)

.stab.indexstr
 *(.stab.indexstr)

.comment        0x00000000       0x26
 *(.comment)
 .comment       0x00000000       0x26 obj/default/source.o
                                 0x27 (size before relaxing)
 .comment       0x00000000       0x27 c:/altera/13.0sp1/nios2eds/bin/gnu/h-i686-mingw32/bin/../lib/gcc/nios2-elf/4.1.2/mno-hw-mul\libgcc.a(lib2-divmod.o)
 .comment       0x00000000       0x27 c:/altera/13.0sp1/nios2eds/bin/gnu/h-i686-mingw32/bin/../lib/gcc/nios2-elf/4.1.2/../../../../nios2-elf/lib/mno-hw-mul\libsmallc.a(lib_a-puts.o)
 .comment       0x00000000       0x27 c:/altera/13.0sp1/nios2eds/bin/gnu/h-i686-mingw32/bin/../lib/gcc/nios2-elf/4.1.2/../../../../nios2-elf/lib/mno-hw-mul\libsmallc.a(lib_a-strlen.o)
 .comment       0x00000000       0x27 c:/altera/13.0sp1/nios2eds/bin/gnu/h-i686-mingw32/bin/../lib/gcc/nios2-elf/4.1.2/../../../../nios2-elf/lib/mno-hw-mul\libsmallc.a(lib_a-fvwrite_small_dev.o)
 .comment       0x00000000       0x27 c:/altera/13.0sp1/nios2eds/bin/gnu/h-i686-mingw32/bin/../lib/gcc/nios2-elf/4.1.2/../../../../nios2-elf/lib/mno-hw-mul\libsmallc.a(lib_a-impure.o)
 .comment       0x00000000       0x27 c:/altera/13.0sp1/nios2eds/bin/gnu/h-i686-mingw32/bin/../lib/gcc/nios2-elf/4.1.2/../../../../nios2-elf/lib/mno-hw-mul\libsmallc.a(lib_a-writer.o)
 .comment       0x00000000       0x27 c:/altera/13.0sp1/nios2eds/bin/gnu/h-i686-mingw32/bin/../lib/gcc/nios2-elf/4.1.2/../../../../nios2-elf/lib/mno-hw-mul\libsmallc.a(lib_a-int_errno.o)
 .comment       0x00000000       0x27 ../test_uart_bsp/\libhal_bsp.a(alt_load.o)
 .comment       0x00000000       0x27 ../test_uart_bsp/\libhal_bsp.a(alt_main.o)
 .comment       0x00000000       0x27 ../test_uart_bsp/\libhal_bsp.a(alt_usleep.o)
 .comment       0x00000000       0x27 ../test_uart_bsp/\libhal_bsp.a(alt_write.o)
 .comment       0x00000000       0x27 ../test_uart_bsp/\libhal_bsp.a(alt_sys_init.o)
 .comment       0x00000000       0x27 ../test_uart_bsp/\libhal_bsp.a(altera_avalon_jtag_uart_fd.o)
 .comment       0x00000000       0x27 ../test_uart_bsp/\libhal_bsp.a(altera_avalon_jtag_uart_read.o)
 .comment       0x00000000       0x27 ../test_uart_bsp/\libhal_bsp.a(altera_avalon_jtag_uart_write.o)
 .comment       0x00000000       0x27 ../test_uart_bsp/\libhal_bsp.a(alt_busy_sleep.o)
 .comment       0x00000000       0x27 ../test_uart_bsp/\libhal_bsp.a(alt_close.o)
 .comment       0x00000000       0x27 ../test_uart_bsp/\libhal_bsp.a(alt_dcache_flush_all.o)
 .comment       0x00000000       0x27 ../test_uart_bsp/\libhal_bsp.a(alt_dev.o)
 .comment       0x00000000       0x27 ../test_uart_bsp/\libhal_bsp.a(alt_dev_llist_insert.o)
 .comment       0x00000000       0x27 ../test_uart_bsp/\libhal_bsp.a(alt_do_ctors.o)
 .comment       0x00000000       0x27 ../test_uart_bsp/\libhal_bsp.a(alt_do_dtors.o)
 .comment       0x00000000       0x27 ../test_uart_bsp/\libhal_bsp.a(alt_errno.o)
 .comment       0x00000000       0x27 ../test_uart_bsp/\libhal_bsp.a(alt_icache_flush_all.o)
 .comment       0x00000000       0x27 ../test_uart_bsp/\libhal_bsp.a(alt_io_redirect.o)
 .comment       0x00000000       0x27 ../test_uart_bsp/\libhal_bsp.a(alt_open.o)
 .comment       0x00000000       0x27 ../test_uart_bsp/\libhal_bsp.a(alt_release_fd.o)
 .comment       0x00000000       0x27 ../test_uart_bsp/\libhal_bsp.a(altera_nios2_qsys_irq.o)
 .comment       0x00000000       0x27 ../test_uart_bsp/\libhal_bsp.a(alt_find_dev.o)
 .comment       0x00000000       0x27 ../test_uart_bsp/\libhal_bsp.a(alt_find_file.o)
 .comment       0x00000000       0x27 ../test_uart_bsp/\libhal_bsp.a(alt_get_fd.o)
 .comment       0x00000000       0x27 c:/altera/13.0sp1/nios2eds/bin/gnu/h-i686-mingw32/bin/../lib/gcc/nios2-elf/4.1.2/../../../../nios2-elf/lib/mno-hw-mul\libsmallc.a(lib_a-atexit.o)
 .comment       0x00000000       0x27 c:/altera/13.0sp1/nios2eds/bin/gnu/h-i686-mingw32/bin/../lib/gcc/nios2-elf/4.1.2/../../../../nios2-elf/lib/mno-hw-mul\libsmallc.a(lib_a-exit.o)
 .comment       0x00000000       0x27 c:/altera/13.0sp1/nios2eds/bin/gnu/h-i686-mingw32/bin/../lib/gcc/nios2-elf/4.1.2/../../../../nios2-elf/lib/mno-hw-mul\libsmallc.a(lib_a-memcmp.o)
 .comment       0x00000000       0x27 c:/altera/13.0sp1/nios2eds/bin/gnu/h-i686-mingw32/bin/../lib/gcc/nios2-elf/4.1.2/../../../../nios2-elf/lib/mno-hw-mul\libsmallc.a(lib_a-__atexit.o)
 .comment       0x00000000       0x27 c:/altera/13.0sp1/nios2eds/bin/gnu/h-i686-mingw32/bin/../lib/gcc/nios2-elf/4.1.2/../../../../nios2-elf/lib/mno-hw-mul\libsmallc.a(lib_a-__call_atexit.o)
 .comment       0x00000000       0x27 c:/altera/13.0sp1/nios2eds/bin/gnu/h-i686-mingw32/bin/../lib/gcc/nios2-elf/4.1.2/mno-hw-mul\libgcc.a(lib2-mul.o)
 .comment       0x00000000       0x27 ../test_uart_bsp/\libhal_bsp.a(alt_exit.o)

.debug
 *(.debug)

.line
 *(.line)

.debug_srcinfo
 *(.debug_srcinfo)

.debug_sfnames
 *(.debug_sfnames)

.debug_aranges  0x00000000      0x4a8
 *(.debug_aranges)
 .debug_aranges
                0x00000000       0x28 ../test_uart_bsp//obj/HAL/src/crt0.o
 .debug_aranges
                0x00000028       0x20 obj/default/source.o
 .debug_aranges
                0x00000048       0x20 c:/altera/13.0sp1/nios2eds/bin/gnu/h-i686-mingw32/bin/../lib/gcc/nios2-elf/4.1.2/mno-hw-mul\libgcc.a(lib2-divmod.o)
 .debug_aranges
                0x00000068       0x20 c:/altera/13.0sp1/nios2eds/bin/gnu/h-i686-mingw32/bin/../lib/gcc/nios2-elf/4.1.2/../../../../nios2-elf/lib/mno-hw-mul\libsmallc.a(lib_a-puts.o)
 .debug_aranges
                0x00000088       0x20 c:/altera/13.0sp1/nios2eds/bin/gnu/h-i686-mingw32/bin/../lib/gcc/nios2-elf/4.1.2/../../../../nios2-elf/lib/mno-hw-mul\libsmallc.a(lib_a-strlen.o)
 .debug_aranges
                0x000000a8       0x20 c:/altera/13.0sp1/nios2eds/bin/gnu/h-i686-mingw32/bin/../lib/gcc/nios2-elf/4.1.2/../../../../nios2-elf/lib/mno-hw-mul\libsmallc.a(lib_a-fvwrite_small_dev.o)
 .debug_aranges
                0x000000c8       0x20 c:/altera/13.0sp1/nios2eds/bin/gnu/h-i686-mingw32/bin/../lib/gcc/nios2-elf/4.1.2/../../../../nios2-elf/lib/mno-hw-mul\libsmallc.a(lib_a-writer.o)
 .debug_aranges
                0x000000e8       0x20 ../test_uart_bsp/\libhal_bsp.a(alt_load.o)
 .debug_aranges
                0x00000108       0x20 ../test_uart_bsp/\libhal_bsp.a(alt_main.o)
 .debug_aranges
                0x00000128       0x20 ../test_uart_bsp/\libhal_bsp.a(alt_usleep.o)
 .debug_aranges
                0x00000148       0x20 ../test_uart_bsp/\libhal_bsp.a(alt_write.o)
 .debug_aranges
                0x00000168       0x20 ../test_uart_bsp/\libhal_bsp.a(alt_sys_init.o)
 .debug_aranges
                0x00000188       0x20 ../test_uart_bsp/\libhal_bsp.a(altera_avalon_jtag_uart_fd.o)
 .debug_aranges
                0x000001a8       0x20 ../test_uart_bsp/\libhal_bsp.a(altera_avalon_jtag_uart_read.o)
 .debug_aranges
                0x000001c8       0x20 ../test_uart_bsp/\libhal_bsp.a(altera_avalon_jtag_uart_write.o)
 .debug_aranges
                0x000001e8       0x20 ../test_uart_bsp/\libhal_bsp.a(alt_busy_sleep.o)
 .debug_aranges
                0x00000208       0x20 ../test_uart_bsp/\libhal_bsp.a(alt_close.o)
 .debug_aranges
                0x00000228       0x20 ../test_uart_bsp/\libhal_bsp.a(alt_dcache_flush_all.o)
 .debug_aranges
                0x00000248       0x20 ../test_uart_bsp/\libhal_bsp.a(alt_dev.o)
 .debug_aranges
                0x00000268       0x20 ../test_uart_bsp/\libhal_bsp.a(alt_dev_llist_insert.o)
 .debug_aranges
                0x00000288       0x20 ../test_uart_bsp/\libhal_bsp.a(alt_do_ctors.o)
 .debug_aranges
                0x000002a8       0x20 ../test_uart_bsp/\libhal_bsp.a(alt_do_dtors.o)
 .debug_aranges
                0x000002c8       0x20 ../test_uart_bsp/\libhal_bsp.a(alt_icache_flush_all.o)
 .debug_aranges
                0x000002e8       0x20 ../test_uart_bsp/\libhal_bsp.a(alt_io_redirect.o)
 .debug_aranges
                0x00000308       0x20 ../test_uart_bsp/\libhal_bsp.a(alt_open.o)
 .debug_aranges
                0x00000328       0x20 ../test_uart_bsp/\libhal_bsp.a(alt_release_fd.o)
 .debug_aranges
                0x00000348       0x20 ../test_uart_bsp/\libhal_bsp.a(altera_nios2_qsys_irq.o)
 .debug_aranges
                0x00000368       0x20 ../test_uart_bsp/\libhal_bsp.a(alt_find_dev.o)
 .debug_aranges
                0x00000388       0x20 ../test_uart_bsp/\libhal_bsp.a(alt_find_file.o)
 .debug_aranges
                0x000003a8       0x20 ../test_uart_bsp/\libhal_bsp.a(alt_get_fd.o)
 .debug_aranges
                0x000003c8       0x20 c:/altera/13.0sp1/nios2eds/bin/gnu/h-i686-mingw32/bin/../lib/gcc/nios2-elf/4.1.2/../../../../nios2-elf/lib/mno-hw-mul\libsmallc.a(lib_a-atexit.o)
 .debug_aranges
                0x000003e8       0x20 c:/altera/13.0sp1/nios2eds/bin/gnu/h-i686-mingw32/bin/../lib/gcc/nios2-elf/4.1.2/../../../../nios2-elf/lib/mno-hw-mul\libsmallc.a(lib_a-exit.o)
 .debug_aranges
                0x00000408       0x20 c:/altera/13.0sp1/nios2eds/bin/gnu/h-i686-mingw32/bin/../lib/gcc/nios2-elf/4.1.2/../../../../nios2-elf/lib/mno-hw-mul\libsmallc.a(lib_a-memcmp.o)
 .debug_aranges
                0x00000428       0x20 c:/altera/13.0sp1/nios2eds/bin/gnu/h-i686-mingw32/bin/../lib/gcc/nios2-elf/4.1.2/../../../../nios2-elf/lib/mno-hw-mul\libsmallc.a(lib_a-__atexit.o)
 .debug_aranges
                0x00000448       0x20 c:/altera/13.0sp1/nios2eds/bin/gnu/h-i686-mingw32/bin/../lib/gcc/nios2-elf/4.1.2/../../../../nios2-elf/lib/mno-hw-mul\libsmallc.a(lib_a-__call_atexit.o)
 .debug_aranges
                0x00000468       0x20 c:/altera/13.0sp1/nios2eds/bin/gnu/h-i686-mingw32/bin/../lib/gcc/nios2-elf/4.1.2/mno-hw-mul\libgcc.a(lib2-mul.o)
 .debug_aranges
                0x00000488       0x20 ../test_uart_bsp/\libhal_bsp.a(alt_exit.o)

.debug_pubnames
                0x00000000      0x657
 *(.debug_pubnames)
 .debug_pubnames
                0x00000000       0x26 obj/default/source.o
 .debug_pubnames
                0x00000026       0x48 c:/altera/13.0sp1/nios2eds/bin/gnu/h-i686-mingw32/bin/../lib/gcc/nios2-elf/4.1.2/mno-hw-mul\libgcc.a(lib2-divmod.o)
 .debug_pubnames
                0x0000006e       0x27 c:/altera/13.0sp1/nios2eds/bin/gnu/h-i686-mingw32/bin/../lib/gcc/nios2-elf/4.1.2/../../../../nios2-elf/lib/mno-hw-mul\libsmallc.a(lib_a-puts.o)
 .debug_pubnames
                0x00000095       0x1d c:/altera/13.0sp1/nios2eds/bin/gnu/h-i686-mingw32/bin/../lib/gcc/nios2-elf/4.1.2/../../../../nios2-elf/lib/mno-hw-mul\libsmallc.a(lib_a-strlen.o)
 .debug_pubnames
                0x000000b2       0x2b c:/altera/13.0sp1/nios2eds/bin/gnu/h-i686-mingw32/bin/../lib/gcc/nios2-elf/4.1.2/../../../../nios2-elf/lib/mno-hw-mul\libsmallc.a(lib_a-fvwrite_small_dev.o)
 .debug_pubnames
                0x000000dd       0x39 c:/altera/13.0sp1/nios2eds/bin/gnu/h-i686-mingw32/bin/../lib/gcc/nios2-elf/4.1.2/../../../../nios2-elf/lib/mno-hw-mul\libsmallc.a(lib_a-impure.o)
 .debug_pubnames
                0x00000116       0x1f c:/altera/13.0sp1/nios2eds/bin/gnu/h-i686-mingw32/bin/../lib/gcc/nios2-elf/4.1.2/../../../../nios2-elf/lib/mno-hw-mul\libsmallc.a(lib_a-writer.o)
 .debug_pubnames
                0x00000135       0x1c c:/altera/13.0sp1/nios2eds/bin/gnu/h-i686-mingw32/bin/../lib/gcc/nios2-elf/4.1.2/../../../../nios2-elf/lib/mno-hw-mul\libsmallc.a(lib_a-int_errno.o)
 .debug_pubnames
                0x00000151       0x1f ../test_uart_bsp/\libhal_bsp.a(alt_load.o)
 .debug_pubnames
                0x00000170       0x46 ../test_uart_bsp/\libhal_bsp.a(alt_main.o)
 .debug_pubnames
                0x000001b6       0x1d ../test_uart_bsp/\libhal_bsp.a(alt_usleep.o)
 .debug_pubnames
                0x000001d3       0x1c ../test_uart_bsp/\libhal_bsp.a(alt_write.o)
 .debug_pubnames
                0x000001ef       0x34 ../test_uart_bsp/\libhal_bsp.a(alt_sys_init.o)
 .debug_pubnames
                0x00000223       0x5b ../test_uart_bsp/\libhal_bsp.a(altera_avalon_jtag_uart_fd.o)
 .debug_pubnames
                0x0000027e       0x33 ../test_uart_bsp/\libhal_bsp.a(altera_avalon_jtag_uart_read.o)
 .debug_pubnames
                0x000002b1       0x34 ../test_uart_bsp/\libhal_bsp.a(altera_avalon_jtag_uart_write.o)
 .debug_pubnames
                0x000002e5       0x25 ../test_uart_bsp/\libhal_bsp.a(alt_busy_sleep.o)
 .debug_pubnames
                0x0000030a       0x1c ../test_uart_bsp/\libhal_bsp.a(alt_close.o)
 .debug_pubnames
                0x00000326       0x2b ../test_uart_bsp/\libhal_bsp.a(alt_dcache_flush_all.o)
 .debug_pubnames
                0x00000351       0x63 ../test_uart_bsp/\libhal_bsp.a(alt_dev.o)
 .debug_pubnames
                0x000003b4       0x2b ../test_uart_bsp/\libhal_bsp.a(alt_dev_llist_insert.o)
 .debug_pubnames
                0x000003df       0x20 ../test_uart_bsp/\libhal_bsp.a(alt_do_ctors.o)
 .debug_pubnames
                0x000003ff       0x20 ../test_uart_bsp/\libhal_bsp.a(alt_do_dtors.o)
 .debug_pubnames
                0x0000041f       0x20 ../test_uart_bsp/\libhal_bsp.a(alt_errno.o)
 .debug_pubnames
                0x0000043f       0x2b ../test_uart_bsp/\libhal_bsp.a(alt_icache_flush_all.o)
 .debug_pubnames
                0x0000046a       0x26 ../test_uart_bsp/\libhal_bsp.a(alt_io_redirect.o)
 .debug_pubnames
                0x00000490       0x1b ../test_uart_bsp/\libhal_bsp.a(alt_open.o)
 .debug_pubnames
                0x000004ab       0x25 ../test_uart_bsp/\libhal_bsp.a(alt_release_fd.o)
 .debug_pubnames
                0x000004d0       0x31 ../test_uart_bsp/\libhal_bsp.a(altera_nios2_qsys_irq.o)
 .debug_pubnames
                0x00000501       0x23 ../test_uart_bsp/\libhal_bsp.a(alt_find_dev.o)
 .debug_pubnames
                0x00000524       0x24 ../test_uart_bsp/\libhal_bsp.a(alt_find_file.o)
 .debug_pubnames
                0x00000548       0x21 ../test_uart_bsp/\libhal_bsp.a(alt_get_fd.o)
 .debug_pubnames
                0x00000569       0x2a c:/altera/13.0sp1/nios2eds/bin/gnu/h-i686-mingw32/bin/../lib/gcc/nios2-elf/4.1.2/../../../../nios2-elf/lib/mno-hw-mul\libsmallc.a(lib_a-atexit.o)
 .debug_pubnames
                0x00000593       0x1b c:/altera/13.0sp1/nios2eds/bin/gnu/h-i686-mingw32/bin/../lib/gcc/nios2-elf/4.1.2/../../../../nios2-elf/lib/mno-hw-mul\libsmallc.a(lib_a-exit.o)
 .debug_pubnames
                0x000005ae       0x1d c:/altera/13.0sp1/nios2eds/bin/gnu/h-i686-mingw32/bin/../lib/gcc/nios2-elf/4.1.2/../../../../nios2-elf/lib/mno-hw-mul\libsmallc.a(lib_a-memcmp.o)
 .debug_pubnames
                0x000005cb       0x2a c:/altera/13.0sp1/nios2eds/bin/gnu/h-i686-mingw32/bin/../lib/gcc/nios2-elf/4.1.2/../../../../nios2-elf/lib/mno-hw-mul\libsmallc.a(lib_a-__atexit.o)
 .debug_pubnames
                0x000005f5       0x27 c:/altera/13.0sp1/nios2eds/bin/gnu/h-i686-mingw32/bin/../lib/gcc/nios2-elf/4.1.2/../../../../nios2-elf/lib/mno-hw-mul\libsmallc.a(lib_a-__call_atexit.o)
 .debug_pubnames
                0x0000061c       0x1f c:/altera/13.0sp1/nios2eds/bin/gnu/h-i686-mingw32/bin/../lib/gcc/nios2-elf/4.1.2/mno-hw-mul\libgcc.a(lib2-mul.o)
 .debug_pubnames
                0x0000063b       0x1c ../test_uart_bsp/\libhal_bsp.a(alt_exit.o)

.debug_info     0x00000000     0x7f07
 *(.debug_info .gnu.linkonce.wi.*)
 .debug_info    0x00000000       0x54 ../test_uart_bsp//obj/HAL/src/crt0.o
 .debug_info    0x00000054      0x156 obj/default/source.o
 .debug_info    0x000001aa      0x21c c:/altera/13.0sp1/nios2eds/bin/gnu/h-i686-mingw32/bin/../lib/gcc/nios2-elf/4.1.2/mno-hw-mul\libgcc.a(lib2-divmod.o)
 .debug_info    0x000003c6      0x685 c:/altera/13.0sp1/nios2eds/bin/gnu/h-i686-mingw32/bin/../lib/gcc/nios2-elf/4.1.2/../../../../nios2-elf/lib/mno-hw-mul\libsmallc.a(lib_a-puts.o)
 .debug_info    0x00000a4b       0xc2 c:/altera/13.0sp1/nios2eds/bin/gnu/h-i686-mingw32/bin/../lib/gcc/nios2-elf/4.1.2/../../../../nios2-elf/lib/mno-hw-mul\libsmallc.a(lib_a-strlen.o)
 .debug_info    0x00000b0d      0x68e c:/altera/13.0sp1/nios2eds/bin/gnu/h-i686-mingw32/bin/../lib/gcc/nios2-elf/4.1.2/../../../../nios2-elf/lib/mno-hw-mul\libsmallc.a(lib_a-fvwrite_small_dev.o)
 .debug_info    0x0000119b      0x636 c:/altera/13.0sp1/nios2eds/bin/gnu/h-i686-mingw32/bin/../lib/gcc/nios2-elf/4.1.2/../../../../nios2-elf/lib/mno-hw-mul\libsmallc.a(lib_a-impure.o)
 .debug_info    0x000017d1      0x68c c:/altera/13.0sp1/nios2eds/bin/gnu/h-i686-mingw32/bin/../lib/gcc/nios2-elf/4.1.2/../../../../nios2-elf/lib/mno-hw-mul\libsmallc.a(lib_a-writer.o)
 .debug_info    0x00001e5d       0x8c c:/altera/13.0sp1/nios2eds/bin/gnu/h-i686-mingw32/bin/../lib/gcc/nios2-elf/4.1.2/../../../../nios2-elf/lib/mno-hw-mul\libsmallc.a(lib_a-int_errno.o)
 .debug_info    0x00001ee9      0x266 ../test_uart_bsp/\libhal_bsp.a(alt_load.o)
 .debug_info    0x0000214f      0x1fe ../test_uart_bsp/\libhal_bsp.a(alt_main.o)
 .debug_info    0x0000234d      0x141 ../test_uart_bsp/\libhal_bsp.a(alt_usleep.o)
 .debug_info    0x0000248e      0x66c ../test_uart_bsp/\libhal_bsp.a(alt_write.o)
 .debug_info    0x00002afa      0x552 ../test_uart_bsp/\libhal_bsp.a(alt_sys_init.o)
 .debug_info    0x0000304c      0x592 ../test_uart_bsp/\libhal_bsp.a(altera_avalon_jtag_uart_fd.o)
 .debug_info    0x000035de      0x2e2 ../test_uart_bsp/\libhal_bsp.a(altera_avalon_jtag_uart_read.o)
 .debug_info    0x000038c0      0x2bf ../test_uart_bsp/\libhal_bsp.a(altera_avalon_jtag_uart_write.o)
 .debug_info    0x00003b7f      0x184 ../test_uart_bsp/\libhal_bsp.a(alt_busy_sleep.o)
 .debug_info    0x00003d03      0x440 ../test_uart_bsp/\libhal_bsp.a(alt_close.o)
 .debug_info    0x00004143      0x135 ../test_uart_bsp/\libhal_bsp.a(alt_dcache_flush_all.o)
 .debug_info    0x00004278      0x658 ../test_uart_bsp/\libhal_bsp.a(alt_dev.o)
 .debug_info    0x000048d0      0x290 ../test_uart_bsp/\libhal_bsp.a(alt_dev_llist_insert.o)
 .debug_info    0x00004b60       0xe8 ../test_uart_bsp/\libhal_bsp.a(alt_do_ctors.o)
 .debug_info    0x00004c48       0xe7 ../test_uart_bsp/\libhal_bsp.a(alt_do_dtors.o)
 .debug_info    0x00004d2f      0x13d ../test_uart_bsp/\libhal_bsp.a(alt_errno.o)
 .debug_info    0x00004e6c      0x135 ../test_uart_bsp/\libhal_bsp.a(alt_icache_flush_all.o)
 .debug_info    0x00004fa1      0x66e ../test_uart_bsp/\libhal_bsp.a(alt_io_redirect.o)
 .debug_info    0x0000560f      0x4fe ../test_uart_bsp/\libhal_bsp.a(alt_open.o)
 .debug_info    0x00005b0d      0x3cb ../test_uart_bsp/\libhal_bsp.a(alt_release_fd.o)
 .debug_info    0x00005ed8      0x13c ../test_uart_bsp/\libhal_bsp.a(altera_nios2_qsys_irq.o)
 .debug_info    0x00006014      0x3f1 ../test_uart_bsp/\libhal_bsp.a(alt_find_dev.o)
 .debug_info    0x00006405      0x3f8 ../test_uart_bsp/\libhal_bsp.a(alt_find_file.o)
 .debug_info    0x000067fd      0x439 ../test_uart_bsp/\libhal_bsp.a(alt_get_fd.o)
 .debug_info    0x00006c36      0x186 c:/altera/13.0sp1/nios2eds/bin/gnu/h-i686-mingw32/bin/../lib/gcc/nios2-elf/4.1.2/../../../../nios2-elf/lib/mno-hw-mul\libsmallc.a(lib_a-atexit.o)
 .debug_info    0x00006dbc       0x9f c:/altera/13.0sp1/nios2eds/bin/gnu/h-i686-mingw32/bin/../lib/gcc/nios2-elf/4.1.2/../../../../nios2-elf/lib/mno-hw-mul\libsmallc.a(lib_a-exit.o)
 .debug_info    0x00006e5b       0xef c:/altera/13.0sp1/nios2eds/bin/gnu/h-i686-mingw32/bin/../lib/gcc/nios2-elf/4.1.2/../../../../nios2-elf/lib/mno-hw-mul\libsmallc.a(lib_a-memcmp.o)
 .debug_info    0x00006f4a      0x68f c:/altera/13.0sp1/nios2eds/bin/gnu/h-i686-mingw32/bin/../lib/gcc/nios2-elf/4.1.2/../../../../nios2-elf/lib/mno-hw-mul\libsmallc.a(lib_a-__atexit.o)
 .debug_info    0x000075d9      0x6d5 c:/altera/13.0sp1/nios2eds/bin/gnu/h-i686-mingw32/bin/../lib/gcc/nios2-elf/4.1.2/../../../../nios2-elf/lib/mno-hw-mul\libsmallc.a(lib_a-__call_atexit.o)
 .debug_info    0x00007cae       0xf3 c:/altera/13.0sp1/nios2eds/bin/gnu/h-i686-mingw32/bin/../lib/gcc/nios2-elf/4.1.2/mno-hw-mul\libgcc.a(lib2-mul.o)
 .debug_info    0x00007da1      0x166 ../test_uart_bsp/\libhal_bsp.a(alt_exit.o)

.debug_abbrev   0x00000000     0x1e10
 *(.debug_abbrev)
 .debug_abbrev  0x00000000       0x12 ../test_uart_bsp//obj/HAL/src/crt0.o
 .debug_abbrev  0x00000012       0x73 obj/default/source.o
 .debug_abbrev  0x00000085       0xe0 c:/altera/13.0sp1/nios2eds/bin/gnu/h-i686-mingw32/bin/../lib/gcc/nios2-elf/4.1.2/mno-hw-mul\libgcc.a(lib2-divmod.o)
 .debug_abbrev  0x00000165      0x180 c:/altera/13.0sp1/nios2eds/bin/gnu/h-i686-mingw32/bin/../lib/gcc/nios2-elf/4.1.2/../../../../nios2-elf/lib/mno-hw-mul\libsmallc.a(lib_a-puts.o)
 .debug_abbrev  0x000002e5       0x7a c:/altera/13.0sp1/nios2eds/bin/gnu/h-i686-mingw32/bin/../lib/gcc/nios2-elf/4.1.2/../../../../nios2-elf/lib/mno-hw-mul\libsmallc.a(lib_a-strlen.o)
 .debug_abbrev  0x0000035f      0x179 c:/altera/13.0sp1/nios2eds/bin/gnu/h-i686-mingw32/bin/../lib/gcc/nios2-elf/4.1.2/../../../../nios2-elf/lib/mno-hw-mul\libsmallc.a(lib_a-fvwrite_small_dev.o)
 .debug_abbrev  0x000004d8      0x13f c:/altera/13.0sp1/nios2eds/bin/gnu/h-i686-mingw32/bin/../lib/gcc/nios2-elf/4.1.2/../../../../nios2-elf/lib/mno-hw-mul\libsmallc.a(lib_a-impure.o)
 .debug_abbrev  0x00000617      0x16c c:/altera/13.0sp1/nios2eds/bin/gnu/h-i686-mingw32/bin/../lib/gcc/nios2-elf/4.1.2/../../../../nios2-elf/lib/mno-hw-mul\libsmallc.a(lib_a-writer.o)
 .debug_abbrev  0x00000783       0x3b c:/altera/13.0sp1/nios2eds/bin/gnu/h-i686-mingw32/bin/../lib/gcc/nios2-elf/4.1.2/../../../../nios2-elf/lib/mno-hw-mul\libsmallc.a(lib_a-int_errno.o)
 .debug_abbrev  0x000007be       0x88 ../test_uart_bsp/\libhal_bsp.a(alt_load.o)
 .debug_abbrev  0x00000846       0xb7 ../test_uart_bsp/\libhal_bsp.a(alt_main.o)
 .debug_abbrev  0x000008fd       0x5d ../test_uart_bsp/\libhal_bsp.a(alt_usleep.o)
 .debug_abbrev  0x0000095a      0x100 ../test_uart_bsp/\libhal_bsp.a(alt_write.o)
 .debug_abbrev  0x00000a5a      0x121 ../test_uart_bsp/\libhal_bsp.a(alt_sys_init.o)
 .debug_abbrev  0x00000b7b       0xcb ../test_uart_bsp/\libhal_bsp.a(altera_avalon_jtag_uart_fd.o)
 .debug_abbrev  0x00000c46       0xb6 ../test_uart_bsp/\libhal_bsp.a(altera_avalon_jtag_uart_read.o)
 .debug_abbrev  0x00000cfc       0xb4 ../test_uart_bsp/\libhal_bsp.a(altera_avalon_jtag_uart_write.o)
 .debug_abbrev  0x00000db0       0x6c ../test_uart_bsp/\libhal_bsp.a(alt_busy_sleep.o)
 .debug_abbrev  0x00000e1c       0xfb ../test_uart_bsp/\libhal_bsp.a(alt_close.o)
 .debug_abbrev  0x00000f17       0x3f ../test_uart_bsp/\libhal_bsp.a(alt_dcache_flush_all.o)
 .debug_abbrev  0x00000f56       0xc7 ../test_uart_bsp/\libhal_bsp.a(alt_dev.o)
 .debug_abbrev  0x0000101d       0xf6 ../test_uart_bsp/\libhal_bsp.a(alt_dev_llist_insert.o)
 .debug_abbrev  0x00001113       0x76 ../test_uart_bsp/\libhal_bsp.a(alt_do_ctors.o)
 .debug_abbrev  0x00001189       0x76 ../test_uart_bsp/\libhal_bsp.a(alt_do_dtors.o)
 .debug_abbrev  0x000011ff       0x5e ../test_uart_bsp/\libhal_bsp.a(alt_errno.o)
 .debug_abbrev  0x0000125d       0x3f ../test_uart_bsp/\libhal_bsp.a(alt_icache_flush_all.o)
 .debug_abbrev  0x0000129c       0xf0 ../test_uart_bsp/\libhal_bsp.a(alt_io_redirect.o)
 .debug_abbrev  0x0000138c      0x112 ../test_uart_bsp/\libhal_bsp.a(alt_open.o)
 .debug_abbrev  0x0000149e       0xc1 ../test_uart_bsp/\libhal_bsp.a(alt_release_fd.o)
 .debug_abbrev  0x0000155f       0x3f ../test_uart_bsp/\libhal_bsp.a(altera_nios2_qsys_irq.o)
 .debug_abbrev  0x0000159e       0xcf ../test_uart_bsp/\libhal_bsp.a(alt_find_dev.o)
 .debug_abbrev  0x0000166d       0xcf ../test_uart_bsp/\libhal_bsp.a(alt_find_file.o)
 .debug_abbrev  0x0000173c       0xfb ../test_uart_bsp/\libhal_bsp.a(alt_get_fd.o)
 .debug_abbrev  0x00001837       0xc6 c:/altera/13.0sp1/nios2eds/bin/gnu/h-i686-mingw32/bin/../lib/gcc/nios2-elf/4.1.2/../../../../nios2-elf/lib/mno-hw-mul\libsmallc.a(lib_a-atexit.o)
 .debug_abbrev  0x000018fd       0x4e c:/altera/13.0sp1/nios2eds/bin/gnu/h-i686-mingw32/bin/../lib/gcc/nios2-elf/4.1.2/../../../../nios2-elf/lib/mno-hw-mul\libsmallc.a(lib_a-exit.o)
 .debug_abbrev  0x0000194b       0x7c c:/altera/13.0sp1/nios2eds/bin/gnu/h-i686-mingw32/bin/../lib/gcc/nios2-elf/4.1.2/../../../../nios2-elf/lib/mno-hw-mul\libsmallc.a(lib_a-memcmp.o)
 .debug_abbrev  0x000019c7      0x196 c:/altera/13.0sp1/nios2eds/bin/gnu/h-i686-mingw32/bin/../lib/gcc/nios2-elf/4.1.2/../../../../nios2-elf/lib/mno-hw-mul\libsmallc.a(lib_a-__atexit.o)
 .debug_abbrev  0x00001b5d      0x1c6 c:/altera/13.0sp1/nios2eds/bin/gnu/h-i686-mingw32/bin/../lib/gcc/nios2-elf/4.1.2/../../../../nios2-elf/lib/mno-hw-mul\libsmallc.a(lib_a-__call_atexit.o)
 .debug_abbrev  0x00001d23       0x7b c:/altera/13.0sp1/nios2eds/bin/gnu/h-i686-mingw32/bin/../lib/gcc/nios2-elf/4.1.2/mno-hw-mul\libgcc.a(lib2-mul.o)
 .debug_abbrev  0x00001d9e       0x72 ../test_uart_bsp/\libhal_bsp.a(alt_exit.o)

.debug_line     0x00000000     0x57bc
 *(.debug_line)
 .debug_line    0x00000000       0x66 ../test_uart_bsp//obj/HAL/src/crt0.o
 .debug_line    0x00000066      0x22e obj/default/source.o
 .debug_line    0x00000294      0x24f c:/altera/13.0sp1/nios2eds/bin/gnu/h-i686-mingw32/bin/../lib/gcc/nios2-elf/4.1.2/mno-hw-mul\libgcc.a(lib2-divmod.o)
 .debug_line    0x000004e3      0x2b2 c:/altera/13.0sp1/nios2eds/bin/gnu/h-i686-mingw32/bin/../lib/gcc/nios2-elf/4.1.2/../../../../nios2-elf/lib/mno-hw-mul\libsmallc.a(lib_a-puts.o)
 .debug_line    0x00000795      0x250 c:/altera/13.0sp1/nios2eds/bin/gnu/h-i686-mingw32/bin/../lib/gcc/nios2-elf/4.1.2/../../../../nios2-elf/lib/mno-hw-mul\libsmallc.a(lib_a-strlen.o)
 .debug_line    0x000009e5      0x2a9 c:/altera/13.0sp1/nios2eds/bin/gnu/h-i686-mingw32/bin/../lib/gcc/nios2-elf/4.1.2/../../../../nios2-elf/lib/mno-hw-mul\libsmallc.a(lib_a-fvwrite_small_dev.o)
 .debug_line    0x00000c8e      0x230 c:/altera/13.0sp1/nios2eds/bin/gnu/h-i686-mingw32/bin/../lib/gcc/nios2-elf/4.1.2/../../../../nios2-elf/lib/mno-hw-mul\libsmallc.a(lib_a-impure.o)
 .debug_line    0x00000ebe      0x29d c:/altera/13.0sp1/nios2eds/bin/gnu/h-i686-mingw32/bin/../lib/gcc/nios2-elf/4.1.2/../../../../nios2-elf/lib/mno-hw-mul\libsmallc.a(lib_a-writer.o)
 .debug_line    0x0000115b      0x1e2 c:/altera/13.0sp1/nios2eds/bin/gnu/h-i686-mingw32/bin/../lib/gcc/nios2-elf/4.1.2/../../../../nios2-elf/lib/mno-hw-mul\libsmallc.a(lib_a-int_errno.o)
 .debug_line    0x0000133d      0x217 ../test_uart_bsp/\libhal_bsp.a(alt_load.o)
 .debug_line    0x00001554      0x2ca ../test_uart_bsp/\libhal_bsp.a(alt_main.o)
 .debug_line    0x0000181e      0x202 ../test_uart_bsp/\libhal_bsp.a(alt_usleep.o)
 .debug_line    0x00001a20      0x2c9 ../test_uart_bsp/\libhal_bsp.a(alt_write.o)
 .debug_line    0x00001ce9      0x2a6 ../test_uart_bsp/\libhal_bsp.a(alt_sys_init.o)
 .debug_line    0x00001f8f      0x1d7 ../test_uart_bsp/\libhal_bsp.a(altera_avalon_jtag_uart_fd.o)
 .debug_line    0x00002166      0x343 ../test_uart_bsp/\libhal_bsp.a(altera_avalon_jtag_uart_read.o)
 .debug_line    0x000024a9      0x304 ../test_uart_bsp/\libhal_bsp.a(altera_avalon_jtag_uart_write.o)
 .debug_line    0x000027ad      0x25c ../test_uart_bsp/\libhal_bsp.a(alt_busy_sleep.o)
 .debug_line    0x00002a09      0x299 ../test_uart_bsp/\libhal_bsp.a(alt_close.o)
 .debug_line    0x00002ca2      0x1b5 ../test_uart_bsp/\libhal_bsp.a(alt_dcache_flush_all.o)
 .debug_line    0x00002e57      0x254 ../test_uart_bsp/\libhal_bsp.a(alt_dev.o)
 .debug_line    0x000030ab      0x25a ../test_uart_bsp/\libhal_bsp.a(alt_dev_llist_insert.o)
 .debug_line    0x00003305       0x83 ../test_uart_bsp/\libhal_bsp.a(alt_do_ctors.o)
 .debug_line    0x00003388       0x83 ../test_uart_bsp/\libhal_bsp.a(alt_do_dtors.o)
 .debug_line    0x0000340b      0x1aa ../test_uart_bsp/\libhal_bsp.a(alt_errno.o)
 .debug_line    0x000035b5      0x1b5 ../test_uart_bsp/\libhal_bsp.a(alt_icache_flush_all.o)
 .debug_line    0x0000376a      0x2b4 ../test_uart_bsp/\libhal_bsp.a(alt_io_redirect.o)
 .debug_line    0x00003a1e      0x2ff ../test_uart_bsp/\libhal_bsp.a(alt_open.o)
 .debug_line    0x00003d1d       0xed ../test_uart_bsp/\libhal_bsp.a(alt_release_fd.o)
 .debug_line    0x00003e0a      0x1ce ../test_uart_bsp/\libhal_bsp.a(altera_nios2_qsys_irq.o)
 .debug_line    0x00003fd8      0x26b ../test_uart_bsp/\libhal_bsp.a(alt_find_dev.o)
 .debug_line    0x00004243      0x27c ../test_uart_bsp/\libhal_bsp.a(alt_find_file.o)
 .debug_line    0x000044bf      0x297 ../test_uart_bsp/\libhal_bsp.a(alt_get_fd.o)
 .debug_line    0x00004756      0x203 c:/altera/13.0sp1/nios2eds/bin/gnu/h-i686-mingw32/bin/../lib/gcc/nios2-elf/4.1.2/../../../../nios2-elf/lib/mno-hw-mul\libsmallc.a(lib_a-atexit.o)
 .debug_line    0x00004959      0x223 c:/altera/13.0sp1/nios2eds/bin/gnu/h-i686-mingw32/bin/../lib/gcc/nios2-elf/4.1.2/../../../../nios2-elf/lib/mno-hw-mul\libsmallc.a(lib_a-exit.o)
 .debug_line    0x00004b7c      0x270 c:/altera/13.0sp1/nios2eds/bin/gnu/h-i686-mingw32/bin/../lib/gcc/nios2-elf/4.1.2/../../../../nios2-elf/lib/mno-hw-mul\libsmallc.a(lib_a-memcmp.o)
 .debug_line    0x00004dec      0x350 c:/altera/13.0sp1/nios2eds/bin/gnu/h-i686-mingw32/bin/../lib/gcc/nios2-elf/4.1.2/../../../../nios2-elf/lib/mno-hw-mul\libsmallc.a(lib_a-__atexit.o)
 .debug_line    0x0000513c      0x360 c:/altera/13.0sp1/nios2eds/bin/gnu/h-i686-mingw32/bin/../lib/gcc/nios2-elf/4.1.2/../../../../nios2-elf/lib/mno-hw-mul\libsmallc.a(lib_a-__call_atexit.o)
 .debug_line    0x0000549c      0x11a c:/altera/13.0sp1/nios2eds/bin/gnu/h-i686-mingw32/bin/../lib/gcc/nios2-elf/4.1.2/mno-hw-mul\libgcc.a(lib2-mul.o)
 .debug_line    0x000055b6      0x206 ../test_uart_bsp/\libhal_bsp.a(alt_exit.o)

.debug_frame    0x00000000      0x7c4
 *(.debug_frame)
 .debug_frame   0x00000000       0x2c obj/default/source.o
 .debug_frame   0x0000002c       0x70 c:/altera/13.0sp1/nios2eds/bin/gnu/h-i686-mingw32/bin/../lib/gcc/nios2-elf/4.1.2/mno-hw-mul\libgcc.a(lib2-divmod.o)
 .debug_frame   0x0000009c       0x3c c:/altera/13.0sp1/nios2eds/bin/gnu/h-i686-mingw32/bin/../lib/gcc/nios2-elf/4.1.2/../../../../nios2-elf/lib/mno-hw-mul\libsmallc.a(lib_a-puts.o)
 .debug_frame   0x000000d8       0x20 c:/altera/13.0sp1/nios2eds/bin/gnu/h-i686-mingw32/bin/../lib/gcc/nios2-elf/4.1.2/../../../../nios2-elf/lib/mno-hw-mul\libsmallc.a(lib_a-strlen.o)
 .debug_frame   0x000000f8       0x30 c:/altera/13.0sp1/nios2eds/bin/gnu/h-i686-mingw32/bin/../lib/gcc/nios2-elf/4.1.2/../../../../nios2-elf/lib/mno-hw-mul\libsmallc.a(lib_a-fvwrite_small_dev.o)
 .debug_frame   0x00000128       0x2c c:/altera/13.0sp1/nios2eds/bin/gnu/h-i686-mingw32/bin/../lib/gcc/nios2-elf/4.1.2/../../../../nios2-elf/lib/mno-hw-mul\libsmallc.a(lib_a-writer.o)
 .debug_frame   0x00000154       0x48 ../test_uart_bsp/\libhal_bsp.a(alt_load.o)
 .debug_frame   0x0000019c       0x2c ../test_uart_bsp/\libhal_bsp.a(alt_main.o)
 .debug_frame   0x000001c8       0x2c ../test_uart_bsp/\libhal_bsp.a(alt_usleep.o)
 .debug_frame   0x000001f4       0x48 ../test_uart_bsp/\libhal_bsp.a(alt_write.o)
 .debug_frame   0x0000023c       0x64 ../test_uart_bsp/\libhal_bsp.a(alt_sys_init.o)
 .debug_frame   0x000002a0       0x48 ../test_uart_bsp/\libhal_bsp.a(altera_avalon_jtag_uart_fd.o)
 .debug_frame   0x000002e8       0x2c ../test_uart_bsp/\libhal_bsp.a(altera_avalon_jtag_uart_read.o)
 .debug_frame   0x00000314       0x2c ../test_uart_bsp/\libhal_bsp.a(altera_avalon_jtag_uart_write.o)
 .debug_frame   0x00000340       0x2c ../test_uart_bsp/\libhal_bsp.a(alt_busy_sleep.o)
 .debug_frame   0x0000036c       0x48 ../test_uart_bsp/\libhal_bsp.a(alt_close.o)
 .debug_frame   0x000003b4       0x2c ../test_uart_bsp/\libhal_bsp.a(alt_dcache_flush_all.o)
 .debug_frame   0x000003e0       0x2c ../test_uart_bsp/\libhal_bsp.a(alt_dev.o)
 .debug_frame   0x0000040c       0x48 ../test_uart_bsp/\libhal_bsp.a(alt_dev_llist_insert.o)
 .debug_frame   0x00000454       0x2c ../test_uart_bsp/\libhal_bsp.a(alt_do_ctors.o)
 .debug_frame   0x00000480       0x2c ../test_uart_bsp/\libhal_bsp.a(alt_do_dtors.o)
 .debug_frame   0x000004ac       0x2c ../test_uart_bsp/\libhal_bsp.a(alt_icache_flush_all.o)
 .debug_frame   0x000004d8       0x4c ../test_uart_bsp/\libhal_bsp.a(alt_io_redirect.o)
 .debug_frame   0x00000524       0x68 ../test_uart_bsp/\libhal_bsp.a(alt_open.o)
 .debug_frame   0x0000058c       0x30 ../test_uart_bsp/\libhal_bsp.a(alt_release_fd.o)
 .debug_frame   0x000005bc       0x2c ../test_uart_bsp/\libhal_bsp.a(altera_nios2_qsys_irq.o)
 .debug_frame   0x000005e8       0x2c ../test_uart_bsp/\libhal_bsp.a(alt_find_dev.o)
 .debug_frame   0x00000614       0x2c ../test_uart_bsp/\libhal_bsp.a(alt_find_file.o)
 .debug_frame   0x00000640       0x30 ../test_uart_bsp/\libhal_bsp.a(alt_get_fd.o)
 .debug_frame   0x00000670       0x20 c:/altera/13.0sp1/nios2eds/bin/gnu/h-i686-mingw32/bin/../lib/gcc/nios2-elf/4.1.2/../../../../nios2-elf/lib/mno-hw-mul\libsmallc.a(lib_a-atexit.o)
 .debug_frame   0x00000690       0x2c c:/altera/13.0sp1/nios2eds/bin/gnu/h-i686-mingw32/bin/../lib/gcc/nios2-elf/4.1.2/../../../../nios2-elf/lib/mno-hw-mul\libsmallc.a(lib_a-exit.o)
 .debug_frame   0x000006bc       0x20 c:/altera/13.0sp1/nios2eds/bin/gnu/h-i686-mingw32/bin/../lib/gcc/nios2-elf/4.1.2/../../../../nios2-elf/lib/mno-hw-mul\libsmallc.a(lib_a-memcmp.o)
 .debug_frame   0x000006dc       0x34 c:/altera/13.0sp1/nios2eds/bin/gnu/h-i686-mingw32/bin/../lib/gcc/nios2-elf/4.1.2/../../../../nios2-elf/lib/mno-hw-mul\libsmallc.a(lib_a-__atexit.o)
 .debug_frame   0x00000710       0x4c c:/altera/13.0sp1/nios2eds/bin/gnu/h-i686-mingw32/bin/../lib/gcc/nios2-elf/4.1.2/../../../../nios2-elf/lib/mno-hw-mul\libsmallc.a(lib_a-__call_atexit.o)
 .debug_frame   0x0000075c       0x20 c:/altera/13.0sp1/nios2eds/bin/gnu/h-i686-mingw32/bin/../lib/gcc/nios2-elf/4.1.2/mno-hw-mul\libgcc.a(lib2-mul.o)
 .debug_frame   0x0000077c       0x48 ../test_uart_bsp/\libhal_bsp.a(alt_exit.o)

.debug_str      0x00000000      0xbd5
 *(.debug_str)
 .debug_str     0x00000000       0x12 obj/default/source.o
 .debug_str     0x00000012      0x167 c:/altera/13.0sp1/nios2eds/bin/gnu/h-i686-mingw32/bin/../lib/gcc/nios2-elf/4.1.2/mno-hw-mul\libgcc.a(lib2-divmod.o)
                                0x1b4 (size before relaxing)
 .debug_str     0x00000179      0x395 c:/altera/13.0sp1/nios2eds/bin/gnu/h-i686-mingw32/bin/../lib/gcc/nios2-elf/4.1.2/../../../../nios2-elf/lib/mno-hw-mul\libsmallc.a(lib_a-puts.o)
                                0x450 (size before relaxing)
 .debug_str     0x0000050e       0xe2 c:/altera/13.0sp1/nios2eds/bin/gnu/h-i686-mingw32/bin/../lib/gcc/nios2-elf/4.1.2/../../../../nios2-elf/lib/mno-hw-mul\libsmallc.a(lib_a-strlen.o)
                                0x184 (size before relaxing)
 .debug_str     0x000005f0       0x70 c:/altera/13.0sp1/nios2eds/bin/gnu/h-i686-mingw32/bin/../lib/gcc/nios2-elf/4.1.2/../../../../nios2-elf/lib/mno-hw-mul\libsmallc.a(lib_a-fvwrite_small_dev.o)
                                0x46a (size before relaxing)
 .debug_str     0x00000660       0xf8 c:/altera/13.0sp1/nios2eds/bin/gnu/h-i686-mingw32/bin/../lib/gcc/nios2-elf/4.1.2/../../../../nios2-elf/lib/mno-hw-mul\libsmallc.a(lib_a-impure.o)
                                0x45d (size before relaxing)
 .debug_str     0x00000758       0x4f c:/altera/13.0sp1/nios2eds/bin/gnu/h-i686-mingw32/bin/../lib/gcc/nios2-elf/4.1.2/../../../../nios2-elf/lib/mno-hw-mul\libsmallc.a(lib_a-writer.o)
                                0x451 (size before relaxing)
 .debug_str     0x000007a7       0x40 c:/altera/13.0sp1/nios2eds/bin/gnu/h-i686-mingw32/bin/../lib/gcc/nios2-elf/4.1.2/../../../../nios2-elf/lib/mno-hw-mul\libsmallc.a(lib_a-int_errno.o)
                                0x177 (size before relaxing)
 .debug_str     0x000007e7       0x12 ../test_uart_bsp/\libhal_bsp.a(alt_load.o)
 .debug_str     0x000007f9       0x12 ../test_uart_bsp/\libhal_bsp.a(alt_main.o)
 .debug_str     0x0000080b       0x12 ../test_uart_bsp/\libhal_bsp.a(alt_usleep.o)
 .debug_str     0x0000081d       0x12 ../test_uart_bsp/\libhal_bsp.a(alt_write.o)
 .debug_str     0x0000082f       0x12 ../test_uart_bsp/\libhal_bsp.a(alt_sys_init.o)
 .debug_str     0x00000841       0x12 ../test_uart_bsp/\libhal_bsp.a(altera_avalon_jtag_uart_read.o)
 .debug_str     0x00000853       0x12 ../test_uart_bsp/\libhal_bsp.a(altera_avalon_jtag_uart_write.o)
 .debug_str     0x00000865       0x12 ../test_uart_bsp/\libhal_bsp.a(alt_busy_sleep.o)
 .debug_str     0x00000877       0x12 ../test_uart_bsp/\libhal_bsp.a(alt_close.o)
 .debug_str     0x00000889       0x12 ../test_uart_bsp/\libhal_bsp.a(alt_dcache_flush_all.o)
 .debug_str     0x0000089b       0x12 ../test_uart_bsp/\libhal_bsp.a(alt_dev.o)
 .debug_str     0x000008ad       0x12 ../test_uart_bsp/\libhal_bsp.a(alt_dev_llist_insert.o)
 .debug_str     0x000008bf       0x12 ../test_uart_bsp/\libhal_bsp.a(alt_errno.o)
 .debug_str     0x000008d1       0x12 ../test_uart_bsp/\libhal_bsp.a(alt_icache_flush_all.o)
 .debug_str     0x000008e3       0x12 ../test_uart_bsp/\libhal_bsp.a(alt_io_redirect.o)
 .debug_str     0x000008f5       0x12 ../test_uart_bsp/\libhal_bsp.a(alt_open.o)
 .debug_str     0x00000907       0x12 ../test_uart_bsp/\libhal_bsp.a(altera_nios2_qsys_irq.o)
 .debug_str     0x00000919       0x12 ../test_uart_bsp/\libhal_bsp.a(alt_find_dev.o)
 .debug_str     0x0000092b       0x12 ../test_uart_bsp/\libhal_bsp.a(alt_find_file.o)
 .debug_str     0x0000093d       0x12 ../test_uart_bsp/\libhal_bsp.a(alt_get_fd.o)
 .debug_str     0x0000094f       0xdb c:/altera/13.0sp1/nios2eds/bin/gnu/h-i686-mingw32/bin/../lib/gcc/nios2-elf/4.1.2/../../../../nios2-elf/lib/mno-hw-mul\libsmallc.a(lib_a-atexit.o)
                                0x1e5 (size before relaxing)
 .debug_str     0x00000a2a       0x41 c:/altera/13.0sp1/nios2eds/bin/gnu/h-i686-mingw32/bin/../lib/gcc/nios2-elf/4.1.2/../../../../nios2-elf/lib/mno-hw-mul\libsmallc.a(lib_a-exit.o)
                                0x178 (size before relaxing)
 .debug_str     0x00000a6b       0x45 c:/altera/13.0sp1/nios2eds/bin/gnu/h-i686-mingw32/bin/../lib/gcc/nios2-elf/4.1.2/../../../../nios2-elf/lib/mno-hw-mul\libsmallc.a(lib_a-memcmp.o)
                                0x17e (size before relaxing)
 .debug_str     0x00000ab0       0x54 c:/altera/13.0sp1/nios2eds/bin/gnu/h-i686-mingw32/bin/../lib/gcc/nios2-elf/4.1.2/../../../../nios2-elf/lib/mno-hw-mul\libsmallc.a(lib_a-__atexit.o)
                                0x467 (size before relaxing)
 .debug_str     0x00000b04       0x7e c:/altera/13.0sp1/nios2eds/bin/gnu/h-i686-mingw32/bin/../lib/gcc/nios2-elf/4.1.2/../../../../nios2-elf/lib/mno-hw-mul\libsmallc.a(lib_a-__call_atexit.o)
                                0x491 (size before relaxing)
 .debug_str     0x00000b82       0x37 c:/altera/13.0sp1/nios2eds/bin/gnu/h-i686-mingw32/bin/../lib/gcc/nios2-elf/4.1.2/mno-hw-mul\libgcc.a(lib2-mul.o)
                                0x175 (size before relaxing)
 .debug_str     0x00000bb9       0x1c ../test_uart_bsp/\libhal_bsp.a(alt_exit.o)

.debug_loc      0x00000000      0xeb3
 *(.debug_loc)
 .debug_loc     0x00000000       0x2b obj/default/source.o
 .debug_loc     0x0000002b      0x1d2 c:/altera/13.0sp1/nios2eds/bin/gnu/h-i686-mingw32/bin/../lib/gcc/nios2-elf/4.1.2/mno-hw-mul\libgcc.a(lib2-divmod.o)
 .debug_loc     0x000001fd       0xa2 c:/altera/13.0sp1/nios2eds/bin/gnu/h-i686-mingw32/bin/../lib/gcc/nios2-elf/4.1.2/../../../../nios2-elf/lib/mno-hw-mul\libsmallc.a(lib_a-puts.o)
 .debug_loc     0x0000029f       0x1e c:/altera/13.0sp1/nios2eds/bin/gnu/h-i686-mingw32/bin/../lib/gcc/nios2-elf/4.1.2/../../../../nios2-elf/lib/mno-hw-mul\libsmallc.a(lib_a-strlen.o)
 .debug_loc     0x000002bd      0x162 c:/altera/13.0sp1/nios2eds/bin/gnu/h-i686-mingw32/bin/../lib/gcc/nios2-elf/4.1.2/../../../../nios2-elf/lib/mno-hw-mul\libsmallc.a(lib_a-fvwrite_small_dev.o)
 .debug_loc     0x0000041f       0x97 c:/altera/13.0sp1/nios2eds/bin/gnu/h-i686-mingw32/bin/../lib/gcc/nios2-elf/4.1.2/../../../../nios2-elf/lib/mno-hw-mul\libsmallc.a(lib_a-writer.o)
 .debug_loc     0x000004b6       0x56 ../test_uart_bsp/\libhal_bsp.a(alt_load.o)
 .debug_loc     0x0000050c       0x2b ../test_uart_bsp/\libhal_bsp.a(alt_main.o)
 .debug_loc     0x00000537       0x2b ../test_uart_bsp/\libhal_bsp.a(alt_usleep.o)
 .debug_loc     0x00000562       0x56 ../test_uart_bsp/\libhal_bsp.a(alt_write.o)
 .debug_loc     0x000005b8       0x81 ../test_uart_bsp/\libhal_bsp.a(alt_sys_init.o)
 .debug_loc     0x00000639       0x56 ../test_uart_bsp/\libhal_bsp.a(altera_avalon_jtag_uart_fd.o)
 .debug_loc     0x0000068f       0x2b ../test_uart_bsp/\libhal_bsp.a(altera_avalon_jtag_uart_read.o)
 .debug_loc     0x000006ba       0x2b ../test_uart_bsp/\libhal_bsp.a(altera_avalon_jtag_uart_write.o)
 .debug_loc     0x000006e5       0x2b ../test_uart_bsp/\libhal_bsp.a(alt_busy_sleep.o)
 .debug_loc     0x00000710       0x56 ../test_uart_bsp/\libhal_bsp.a(alt_close.o)
 .debug_loc     0x00000766       0x2b ../test_uart_bsp/\libhal_bsp.a(alt_dcache_flush_all.o)
 .debug_loc     0x00000791       0x2b ../test_uart_bsp/\libhal_bsp.a(alt_dev.o)
 .debug_loc     0x000007bc       0x56 ../test_uart_bsp/\libhal_bsp.a(alt_dev_llist_insert.o)
 .debug_loc     0x00000812       0x2b ../test_uart_bsp/\libhal_bsp.a(alt_do_ctors.o)
 .debug_loc     0x0000083d       0x2b ../test_uart_bsp/\libhal_bsp.a(alt_do_dtors.o)
 .debug_loc     0x00000868       0x2b ../test_uart_bsp/\libhal_bsp.a(alt_icache_flush_all.o)
 .debug_loc     0x00000893       0x56 ../test_uart_bsp/\libhal_bsp.a(alt_io_redirect.o)
 .debug_loc     0x000008e9       0x81 ../test_uart_bsp/\libhal_bsp.a(alt_open.o)
 .debug_loc     0x0000096a       0x2b ../test_uart_bsp/\libhal_bsp.a(alt_release_fd.o)
 .debug_loc     0x00000995       0x2b ../test_uart_bsp/\libhal_bsp.a(altera_nios2_qsys_irq.o)
 .debug_loc     0x000009c0       0x2b ../test_uart_bsp/\libhal_bsp.a(alt_find_dev.o)
 .debug_loc     0x000009eb       0x2b ../test_uart_bsp/\libhal_bsp.a(alt_find_file.o)
 .debug_loc     0x00000a16       0x2b ../test_uart_bsp/\libhal_bsp.a(alt_get_fd.o)
 .debug_loc     0x00000a41       0x1e c:/altera/13.0sp1/nios2eds/bin/gnu/h-i686-mingw32/bin/../lib/gcc/nios2-elf/4.1.2/../../../../nios2-elf/lib/mno-hw-mul\libsmallc.a(lib_a-atexit.o)
 .debug_loc     0x00000a5f       0x3d c:/altera/13.0sp1/nios2eds/bin/gnu/h-i686-mingw32/bin/../lib/gcc/nios2-elf/4.1.2/../../../../nios2-elf/lib/mno-hw-mul\libsmallc.a(lib_a-exit.o)
 .debug_loc     0x00000a9c       0x70 c:/altera/13.0sp1/nios2eds/bin/gnu/h-i686-mingw32/bin/../lib/gcc/nios2-elf/4.1.2/../../../../nios2-elf/lib/mno-hw-mul\libsmallc.a(lib_a-memcmp.o)
 .debug_loc     0x00000b0c      0x141 c:/altera/13.0sp1/nios2eds/bin/gnu/h-i686-mingw32/bin/../lib/gcc/nios2-elf/4.1.2/../../../../nios2-elf/lib/mno-hw-mul\libsmallc.a(lib_a-__atexit.o)
 .debug_loc     0x00000c4d      0x1c1 c:/altera/13.0sp1/nios2eds/bin/gnu/h-i686-mingw32/bin/../lib/gcc/nios2-elf/4.1.2/../../../../nios2-elf/lib/mno-hw-mul\libsmallc.a(lib_a-__call_atexit.o)
 .debug_loc     0x00000e0e       0x4f c:/altera/13.0sp1/nios2eds/bin/gnu/h-i686-mingw32/bin/../lib/gcc/nios2-elf/4.1.2/mno-hw-mul\libgcc.a(lib2-mul.o)
 .debug_loc     0x00000e5d       0x56 ../test_uart_bsp/\libhal_bsp.a(alt_exit.o)

.debug_macinfo
 *(.debug_macinfo)

.debug_weaknames
 *(.debug_weaknames)

.debug_funcnames
 *(.debug_funcnames)

.debug_typenames
 *(.debug_typenames)

.debug_varnames
 *(.debug_varnames)

.debug_alt_sim_info
                0x00000000       0x40
 *(.debug_alt_sim_info)
 .debug_alt_sim_info
                0x00000000       0x10 ../test_uart_bsp//obj/HAL/src/crt0.o
 .debug_alt_sim_info
                0x00000010       0x30 ../test_uart_bsp/\libhal_bsp.a(alt_busy_sleep.o)
                0x00010000                __alt_data_end = 0x10000
                0x00010000                PROVIDE (__alt_stack_pointer, __alt_data_end)
                0x0000a1a0                PROVIDE (__alt_stack_limit, __alt_stack_base)
                0x0000a1a0                PROVIDE (__alt_heap_start, end)
                0x00010000                PROVIDE (__alt_heap_limit, 0x10000)
OUTPUT(test_uart.elf elf32-littlenios2)

.debug_ranges   0x00000000       0x38
 .debug_ranges  0x00000000       0x20 ../test_uart_bsp//obj/HAL/src/crt0.o
 .debug_ranges  0x00000020       0x18 c:/altera/13.0sp1/nios2eds/bin/gnu/h-i686-mingw32/bin/../lib/gcc/nios2-elf/4.1.2/../../../../nios2-elf/lib/mno-hw-mul\libsmallc.a(lib_a-__call_atexit.o)
